<html>
<body>
<pre>
<h1>µVision Build Log</h1>
<h2>Project:</h2>
F:\git projects\FFBMK1\FFBMK1_stm32\MDK-ARM\FFBMK1.1.uvproj
Project File Date:  04/04/2017

<h2>Output:</h2>
Build target 'FFBMK1.1'
compiling ffb_manager.c...
../Inc/pid_definition.h(293): error:  #20: identifier "uint10_t" is undefined
..\Src\ffb_manager.c(423): error:  #136: struct "_PID_Set_Effect_Report" has no field "pid_direction_enable"
..\Src\ffb_manager.c(473): error:  #136: struct "_PID_Set_Effect_Report" has no field "pid_direction_enable"
compiling usbd_hid.c...
"FFBMK1.1\FFBMK1.1" - 3 Errors, 0 Warning(s).
Target not created
Build target 'FFBMK1.1'
compiling ffb_manager.c...
../Inc/pid_definition.h(293): error:  #20: identifier "uint10_t" is undefined
..\Src\ffb_manager.c(423): error:  #41: expression must have arithmetic or pointer type
..\Src\ffb_manager.c(473): error:  #136: struct "_PID_Set_Effect_Report" has no field "pid_direction_enable"
"FFBMK1.1\FFBMK1.1" - 3 Errors, 0 Warning(s).
Target not created
Build target 'FFBMK1.1'
compiling ffb_manager.c...
..\Src\ffb_manager.c(423): error:  #41: expression must have arithmetic or pointer type
compiling usbd_hid.c...
"FFBMK1.1\FFBMK1.1" - 1 Errors, 0 Warning(s).
Target not created
Build target 'FFBMK1.1'
compiling ffb_manager.c...
..\Src\ffb_manager.c(423): error:  #41: expression must have arithmetic or pointer type
"FFBMK1.1\FFBMK1.1" - 1 Errors, 0 Warning(s).
Target not created
Build target 'FFBMK1.1'
compiling ffb_manager.c...
linking...
Program Size: Code=22006 RO-data=650 RW-data=1516 ZI-data=4092  
"FFBMK1.1\FFBMK1.1" - 0 Errors, 0 Warning(s).
Load "FFBMK1.1\\FFBMK1.1" 
Erase Done.
Programming Done.
Verify OK.
Build target 'FFBMK1.1'
compiling usbd_conf.c...
compiling main.c...
compiling usb_device.c...
compiling usbd_pid.c...
compiling ffb_manager.c...
compiling ffb_stick.c...
compiling usbd_hid.c...
linking...
Program Size: Code=22006 RO-data=650 RW-data=1504 ZI-data=4096  
"FFBMK1.1\FFBMK1.1" - 0 Errors, 0 Warning(s).
Load "FFBMK1.1\\FFBMK1.1" 
Erase Done.
Programming Done.
Verify OK.
