ARM Linker, 5.03 [Build 76] [MDK-ARM Standard]

==============================================================================

Section Cross References

    usbd_desc.o(i.USBD_FS_ConfigStrDescriptor) refers to usbd_ctlreq.o(i.USBD_GetString) for USBD_GetString
    usbd_desc.o(i.USBD_FS_ConfigStrDescriptor) refers to usbd_desc.o(.bss) for USBD_StrDesc
    usbd_desc.o(i.USBD_FS_DeviceDescriptor) refers to usbd_desc.o(.data) for USBD_FS_DeviceDesc
    usbd_desc.o(i.USBD_FS_InterfaceStrDescriptor) refers to usbd_ctlreq.o(i.USBD_GetString) for USBD_GetString
    usbd_desc.o(i.USBD_FS_InterfaceStrDescriptor) refers to usbd_desc.o(.bss) for USBD_StrDesc
    usbd_desc.o(i.USBD_FS_LangIDStrDescriptor) refers to usbd_desc.o(.data) for USBD_LangIDDesc
    usbd_desc.o(i.USBD_FS_ManufacturerStrDescriptor) refers to usbd_ctlreq.o(i.USBD_GetString) for USBD_GetString
    usbd_desc.o(i.USBD_FS_ManufacturerStrDescriptor) refers to usbd_desc.o(.bss) for USBD_StrDesc
    usbd_desc.o(i.USBD_FS_ProductStrDescriptor) refers to usbd_ctlreq.o(i.USBD_GetString) for USBD_GetString
    usbd_desc.o(i.USBD_FS_ProductStrDescriptor) refers to usbd_desc.o(.bss) for USBD_StrDesc
    usbd_desc.o(i.USBD_FS_SerialStrDescriptor) refers to usbd_ctlreq.o(i.USBD_GetString) for USBD_GetString
    usbd_desc.o(i.USBD_FS_SerialStrDescriptor) refers to usbd_desc.o(.bss) for USBD_StrDesc
    usbd_desc.o(.data) refers to usbd_desc.o(i.USBD_FS_DeviceDescriptor) for USBD_FS_DeviceDescriptor
    usbd_desc.o(.data) refers to usbd_desc.o(i.USBD_FS_LangIDStrDescriptor) for USBD_FS_LangIDStrDescriptor
    usbd_desc.o(.data) refers to usbd_desc.o(i.USBD_FS_ManufacturerStrDescriptor) for USBD_FS_ManufacturerStrDescriptor
    usbd_desc.o(.data) refers to usbd_desc.o(i.USBD_FS_ProductStrDescriptor) for USBD_FS_ProductStrDescriptor
    usbd_desc.o(.data) refers to usbd_desc.o(i.USBD_FS_SerialStrDescriptor) for USBD_FS_SerialStrDescriptor
    usbd_desc.o(.data) refers to usbd_desc.o(i.USBD_FS_ConfigStrDescriptor) for USBD_FS_ConfigStrDescriptor
    usbd_desc.o(.data) refers to usbd_desc.o(i.USBD_FS_InterfaceStrDescriptor) for USBD_FS_InterfaceStrDescriptor
    usbd_conf.o(i.HAL_PCD_ConnectCallback) refers to usbd_core.o(i.USBD_LL_DevConnected) for USBD_LL_DevConnected
    usbd_conf.o(i.HAL_PCD_DataInStageCallback) refers to usbd_core.o(i.USBD_LL_DataInStage) for USBD_LL_DataInStage
    usbd_conf.o(i.HAL_PCD_DataOutStageCallback) refers to usbd_core.o(i.USBD_LL_DataOutStage) for USBD_LL_DataOutStage
    usbd_conf.o(i.HAL_PCD_DisconnectCallback) refers to usbd_core.o(i.USBD_LL_DevDisconnected) for USBD_LL_DevDisconnected
    usbd_conf.o(i.HAL_PCD_ISOINIncompleteCallback) refers to usbd_core.o(i.USBD_LL_IsoINIncomplete) for USBD_LL_IsoINIncomplete
    usbd_conf.o(i.HAL_PCD_ISOOUTIncompleteCallback) refers to usbd_core.o(i.USBD_LL_IsoOUTIncomplete) for USBD_LL_IsoOUTIncomplete
    usbd_conf.o(i.HAL_PCD_MspDeInit) refers to stm32f1xx_hal_cortex.o(i.HAL_NVIC_DisableIRQ) for HAL_NVIC_DisableIRQ
    usbd_conf.o(i.HAL_PCD_MspInit) refers to stm32f1xx_hal_cortex.o(i.HAL_NVIC_SetPriority) for HAL_NVIC_SetPriority
    usbd_conf.o(i.HAL_PCD_MspInit) refers to stm32f1xx_hal_cortex.o(i.HAL_NVIC_EnableIRQ) for HAL_NVIC_EnableIRQ
    usbd_conf.o(i.HAL_PCD_ResetCallback) refers to usbd_core.o(i.USBD_LL_SetSpeed) for USBD_LL_SetSpeed
    usbd_conf.o(i.HAL_PCD_ResetCallback) refers to usbd_core.o(i.USBD_LL_Reset) for USBD_LL_Reset
    usbd_conf.o(i.HAL_PCD_ResumeCallback) refers to usbd_core.o(i.USBD_LL_Resume) for USBD_LL_Resume
    usbd_conf.o(i.HAL_PCD_SOFCallback) refers to usbd_core.o(i.USBD_LL_SOF) for USBD_LL_SOF
    usbd_conf.o(i.HAL_PCD_SetupStageCallback) refers to usbd_core.o(i.USBD_LL_SetupStage) for USBD_LL_SetupStage
    usbd_conf.o(i.HAL_PCD_SuspendCallback) refers to usbd_core.o(i.USBD_LL_Suspend) for USBD_LL_Suspend
    usbd_conf.o(i.USBD_LL_ClearStallEP) refers to stm32f1xx_hal_pcd.o(i.HAL_PCD_EP_ClrStall) for HAL_PCD_EP_ClrStall
    usbd_conf.o(i.USBD_LL_CloseEP) refers to stm32f1xx_hal_pcd.o(i.HAL_PCD_EP_Close) for HAL_PCD_EP_Close
    usbd_conf.o(i.USBD_LL_DeInit) refers to stm32f1xx_hal_pcd.o(i.HAL_PCD_DeInit) for HAL_PCD_DeInit
    usbd_conf.o(i.USBD_LL_Delay) refers to stm32f1xx_hal.o(i.HAL_Delay) for HAL_Delay
    usbd_conf.o(i.USBD_LL_FlushEP) refers to stm32f1xx_hal_pcd.o(i.HAL_PCD_EP_Flush) for HAL_PCD_EP_Flush
    usbd_conf.o(i.USBD_LL_GetRxDataSize) refers to stm32f1xx_hal_pcd.o(i.HAL_PCD_EP_GetRxCount) for HAL_PCD_EP_GetRxCount
    usbd_conf.o(i.USBD_LL_Init) refers to stm32f1xx_hal_pcd.o(i.HAL_PCD_Init) for HAL_PCD_Init
    usbd_conf.o(i.USBD_LL_Init) refers to main.o(i.Error_Handler) for Error_Handler
    usbd_conf.o(i.USBD_LL_Init) refers to stm32f1xx_hal_pcd_ex.o(i.HAL_PCDEx_PMAConfig) for HAL_PCDEx_PMAConfig
    usbd_conf.o(i.USBD_LL_Init) refers to usbd_conf.o(.bss) for hpcd_USB_FS
    usbd_conf.o(i.USBD_LL_OpenEP) refers to stm32f1xx_hal_pcd.o(i.HAL_PCD_EP_Open) for HAL_PCD_EP_Open
[...]
    Removing stm32f1xx_hal_flash_ex.o(i.HAL_FLASHEx_OBGetUserData), (72 bytes).
    Removing stm32f1xx_hal_flash_ex.o(i.HAL_FLASHEx_OBProgram), (200 bytes).
    Removing usbd_ctlreq.o(.rev16_text), (4 bytes).
    Removing usbd_ctlreq.o(.revsh_text), (4 bytes).
    Removing usbd_ctlreq.o(.rrx_text), (6 bytes).
    Removing usbd_core.o(.rev16_text), (4 bytes).
    Removing usbd_core.o(.revsh_text), (4 bytes).
    Removing usbd_core.o(.rrx_text), (6 bytes).
    Removing usbd_core.o(i.USBD_DeInit), (38 bytes).
    Removing usbd_core.o(i.USBD_LL_DevConnected), (6 bytes).
    Removing usbd_core.o(i.USBD_LL_DevDisconnected), (26 bytes).
    Removing usbd_core.o(i.USBD_LL_IsoINIncomplete), (6 bytes).
    Removing usbd_core.o(i.USBD_LL_IsoOUTIncomplete), (6 bytes).
    Removing usbd_core.o(i.USBD_Stop), (26 bytes).
    Removing usbd_ioreq.o(.rev16_text), (4 bytes).
    Removing usbd_ioreq.o(.revsh_text), (4 bytes).
    Removing usbd_ioreq.o(.rrx_text), (6 bytes).
    Removing usbd_ioreq.o(i.USBD_CtlPrepareRx), (40 bytes).
    Removing usbd_ioreq.o(i.USBD_GetRxCount), (18 bytes).
    Removing usbd_hid.o(.rev16_text), (4 bytes).
    Removing usbd_hid.o(.revsh_text), (4 bytes).
    Removing usbd_hid.o(.rrx_text), (6 bytes).
    Removing usbd_hid.o(i.USBD_HID_GetPollingInterval), (16 bytes).
    Removing startup_stm32f103xe.o(HEAP), (512 bytes).

408 unused section(s) (total 28032 bytes) removed from the image.

==============================================================================

Image Symbol Table

    Local Symbols

    Symbol Name                              Value     Ov Type        Size  Object(Section)

    ../Drivers/CMSIS//Device/ST/STM32F1xx/Source/Templates/system_stm32f1xx.c 0x00000000   Number         0  system_stm32f1xx.o ABSOLUTE
    ../Drivers/STM32F1xx_HAL_Driver/Src/stm32f1xx_hal.c 0x00000000   Number         0  stm32f1xx_hal.o ABSOLUTE
    ../Drivers/STM32F1xx_HAL_Driver/Src/stm32f1xx_hal_adc.c 0x00000000   Number         0  stm32f1xx_hal_adc.o ABSOLUTE
    ../Drivers/STM32F1xx_HAL_Driver/Src/stm32f1xx_hal_adc_ex.c 0x00000000   Number         0  stm32f1xx_hal_adc_ex.o ABSOLUTE
    ../Drivers/STM32F1xx_HAL_Driver/Src/stm32f1xx_hal_cortex.c 0x00000000   Number         0  stm32f1xx_hal_cortex.o ABSOLUTE
    ../Drivers/STM32F1xx_HAL_Driver/Src/stm32f1xx_hal_dma.c 0x00000000   Number         0  stm32f1xx_hal_dma.o ABSOLUTE
    ../Drivers/STM32F1xx_HAL_Driver/Src/stm32f1xx_hal_flash.c 0x00000000   Number         0  stm32f1xx_hal_flash.o ABSOLUTE
    ../Drivers/STM32F1xx_HAL_Driver/Src/stm32f1xx_hal_flash_ex.c 0x00000000   Number         0  stm32f1xx_hal_flash_ex.o ABSOLUTE
    ../Drivers/STM32F1xx_HAL_Driver/Src/stm32f1xx_hal_gpio.c 0x00000000   Number         0  stm32f1xx_hal_gpio.o ABSOLUTE
    ../Drivers/STM32F1xx_HAL_Driver/Src/stm32f1xx_hal_gpio_ex.c 0x00000000   Number         0  stm32f1xx_hal_gpio_ex.o ABSOLUTE
    ../Drivers/STM32F1xx_HAL_Driver/Src/stm32f1xx_hal_pcd.c 0x00000000   Number         0  stm32f1xx_hal_pcd.o ABSOLUTE
    ../Drivers/STM32F1xx_HAL_Driver/Src/stm32f1xx_hal_pcd_ex.c 0x00000000   Number         0  stm32f1xx_hal_pcd_ex.o ABSOLUTE
    ../Drivers/STM32F1xx_HAL_Driver/Src/stm32f1xx_hal_pwr.c 0x00000000   Number         0  stm32f1xx_hal_pwr.o ABSOLUTE
    ../Drivers/STM32F1xx_HAL_Driver/Src/stm32f1xx_hal_rcc.c 0x00000000   Number         0  stm32f1xx_hal_rcc.o ABSOLUTE
    ../Drivers/STM32F1xx_HAL_Driver/Src/stm32f1xx_hal_rcc_ex.c 0x00000000   Number         0  stm32f1xx_hal_rcc_ex.o ABSOLUTE
    ../Drivers/STM32F1xx_HAL_Driver/Src/stm32f1xx_hal_tim.c 0x00000000   Number         0  stm32f1xx_hal_tim.o ABSOLUTE
    ../Drivers/STM32F1xx_HAL_Driver/Src/stm32f1xx_hal_tim_ex.c 0x00000000   Number         0  stm32f1xx_hal_tim_ex.o ABSOLUTE
    ../Drivers/STM32F1xx_HAL_Driver/Src/stm32f1xx_ll_usb.c 0x00000000   Number         0  stm32f1xx_ll_usb.o ABSOLUTE
    ../Middlewares/ST/STM32_USB_Device_Library/Class/HID/Src/usbd_hid.c 0x00000000   Number         0  usbd_hid.o ABSOLUTE
    ../Middlewares/ST/STM32_USB_Device_Library/Core/Src/usbd_core.c 0x00000000   Number         0  usbd_core.o ABSOLUTE
    ../Middlewares/ST/STM32_USB_Device_Library/Core/Src/usbd_ctlreq.c 0x00000000   Number         0  usbd_ctlreq.o ABSOLUTE
    ../Middlewares/ST/STM32_USB_Device_Library/Core/Src/usbd_ioreq.c 0x00000000   Number         0  usbd_ioreq.o ABSOLUTE
    ../Src/main.c                            0x00000000   Number         0  main.o ABSOLUTE
    ../Src/stm32f1xx_hal_msp.c               0x00000000   Number         0  stm32f1xx_hal_msp.o ABSOLUTE
    ../Src/stm32f1xx_it.c                    0x00000000   Number         0  stm32f1xx_it.o ABSOLUTE
    ../Src/usb_device.c                      0x00000000   Number         0  usb_device.o ABSOLUTE
    ../Src/usbd_conf.c                       0x00000000   Number         0  usbd_conf.o ABSOLUTE
    ../Src/usbd_desc.c                       0x00000000   Number         0  usbd_desc.o ABSOLUTE
    ../clib/../cmprslib/zerorunl2.c          0x00000000   Number         0  __dczerorl2.o ABSOLUTE
    ../clib/microlib/init/entry.s            0x00000000   Number         0  entry5.o ABSOLUTE
    ../clib/microlib/init/entry.s            0x00000000   Number         0  entry10a.o ABSOLUTE
    ../clib/microlib/init/entry.s            0x00000000   Number         0  entry2.o ABSOLUTE
    ../clib/microlib/init/entry.s            0x00000000   Number         0  entry11b.o ABSOLUTE
    ../clib/microlib/init/entry.s            0x00000000   Number         0  entry10b.o ABSOLUTE
    ../clib/microlib/init/entry.s            0x00000000   Number         0  entry11a.o ABSOLUTE
    ../clib/microlib/init/entry.s            0x00000000   Number         0  entry8b.o ABSOLUTE
    ../clib/microlib/init/entry.s            0x00000000   Number         0  entry.o ABSOLUTE
    ../clib/microlib/init/entry.s            0x00000000   Number         0  entry9b.o ABSOLUTE
    ../clib/microlib/init/entry.s            0x00000000   Number         0  entry9a.o ABSOLUTE
    ../clib/microlib/init/entry.s            0x00000000   Number         0  entry8a.o ABSOLUTE
    ../clib/microlib/init/entry.s            0x00000000   Number         0  entry7b.o ABSOLUTE
    ../clib/microlib/init/entry.s            0x00000000   Number         0  entry7a.o ABSOLUTE
    ../clib/microlib/longlong.c              0x00000000   Number         0  llushr.o ABSOLUTE
    ../clib/microlib/longlong.c              0x00000000   Number         0  llshl.o ABSOLUTE
    ../clib/microlib/string/memcpy.c         0x00000000   Number         0  memcpya.o ABSOLUTE
    ../clib/microlib/string/memcpy.c         0x00000000   Number         0  memcpyb.o ABSOLUTE
    ../clib/microlib/stubs.s                 0x00000000   Number         0  iusefp.o ABSOLUTE
    ../fplib/microlib/fpepilogue.c           0x00000000   Number         0  depilogue.o ABSOLUTE
    ../fplib/microlib/fpfix.c                0x00000000   Number         0  dfixi.o ABSOLUTE
    ../fplib/microlib/fpflt.c                0x00000000   Number         0  dflti.o ABSOLUTE
    ../fplib/microlib/fpmul.c                0x00000000   Number         0  dmul.o ABSOLUTE
    ../fplib/microlib/fpscalb.c              0x00000000   Number         0  dscalb.o ABSOLUTE
    ..\Drivers\CMSIS\\Device\ST\STM32F1xx\Source\Templates\system_stm32f1xx.c 0x00000000   Number         0  system_stm32f1xx.o ABSOLUTE
    ..\Drivers\STM32F1xx_HAL_Driver\Src\stm32f1xx_hal.c 0x00000000   Number         0  stm32f1xx_hal.o ABSOLUTE
    ..\Drivers\STM32F1xx_HAL_Driver\Src\stm32f1xx_hal_adc.c 0x00000000   Number         0  stm32f1xx_hal_adc.o ABSOLUTE
    ..\Drivers\STM32F1xx_HAL_Driver\Src\stm32f1xx_hal_adc_ex.c 0x00000000   Number         0  stm32f1xx_hal_adc_ex.o ABSOLUTE
    ..\Drivers\STM32F1xx_HAL_Driver\Src\stm32f1xx_hal_cortex.c 0x00000000   Number         0  stm32f1xx_hal_cortex.o ABSOLUTE
    ..\Drivers\STM32F1xx_HAL_Driver\Src\stm32f1xx_hal_dma.c 0x00000000   Number         0  stm32f1xx_hal_dma.o ABSOLUTE
    ..\Drivers\STM32F1xx_HAL_Driver\Src\stm32f1xx_hal_flash.c 0x00000000   Number         0  stm32f1xx_hal_flash.o ABSOLUTE
    ..\Drivers\STM32F1xx_HAL_Driver\Src\stm32f1xx_hal_flash_ex.c 0x00000000   Number         0  stm32f1xx_hal_flash_ex.o ABSOLUTE
    ..\Drivers\STM32F1xx_HAL_Driver\Src\stm32f1xx_hal_gpio.c 0x00000000   Number         0  stm32f1xx_hal_gpio.o ABSOLUTE
    ..\Drivers\STM32F1xx_HAL_Driver\Src\stm32f1xx_hal_gpio_ex.c 0x00000000   Number         0  stm32f1xx_hal_gpio_ex.o ABSOLUTE
    ..\Drivers\STM32F1xx_HAL_Driver\Src\stm32f1xx_hal_pcd.c 0x00000000   Number         0  stm32f1xx_hal_pcd.o ABSOLUTE
    ..\Drivers\STM32F1xx_HAL_Driver\Src\stm32f1xx_hal_pcd_ex.c 0x00000000   Number         0  stm32f1xx_hal_pcd_ex.o ABSOLUTE
    ..\Drivers\STM32F1xx_HAL_Driver\Src\stm32f1xx_hal_pwr.c 0x00000000   Number         0  stm32f1xx_hal_pwr.o ABSOLUTE
    ..\Drivers\STM32F1xx_HAL_Driver\Src\stm32f1xx_hal_rcc.c 0x00000000   Number         0  stm32f1xx_hal_rcc.o ABSOLUTE
    ..\Drivers\STM32F1xx_HAL_Driver\Src\stm32f1xx_hal_rcc_ex.c 0x00000000   Number         0  stm32f1xx_hal_rcc_ex.o ABSOLUTE
    ..\Drivers\STM32F1xx_HAL_Driver\Src\stm32f1xx_hal_tim.c 0x00000000   Number         0  stm32f1xx_hal_tim.o ABSOLUTE
    ..\Drivers\STM32F1xx_HAL_Driver\Src\stm32f1xx_hal_tim_ex.c 0x00000000   Number         0  stm32f1xx_hal_tim_ex.o ABSOLUTE
    ..\Drivers\STM32F1xx_HAL_Driver\Src\stm32f1xx_ll_usb.c 0x00000000   Number         0  stm32f1xx_ll_usb.o ABSOLUTE
    ..\Middlewares\ST\STM32_USB_Device_Library\Class\HID\Src\usbd_hid.c 0x00000000   Number         0  usbd_hid.o ABSOLUTE
    ..\Middlewares\ST\STM32_USB_Device_Library\Core\Src\usbd_core.c 0x00000000   Number         0  usbd_core.o ABSOLUTE
    ..\Middlewares\ST\STM32_USB_Device_Library\Core\Src\usbd_ctlreq.c 0x00000000   Number         0  usbd_ctlreq.o ABSOLUTE
    ..\Middlewares\ST\STM32_USB_Device_Library\Core\Src\usbd_ioreq.c 0x00000000   Number         0  usbd_ioreq.o ABSOLUTE
    ..\Src\main.c                            0x00000000   Number         0  main.o ABSOLUTE
    ..\Src\stm32f1xx_hal_msp.c               0x00000000   Number         0  stm32f1xx_hal_msp.o ABSOLUTE
    ..\Src\stm32f1xx_it.c                    0x00000000   Number         0  stm32f1xx_it.o ABSOLUTE
    ..\Src\usb_device.c                      0x00000000   Number         0  usb_device.o ABSOLUTE
    ..\Src\usbd_conf.c                       0x00000000   Number         0  usbd_conf.o ABSOLUTE
    ..\Src\usbd_desc.c                       0x00000000   Number         0  usbd_desc.o ABSOLUTE
    ..\Src\usbd_pid.c                        0x00000000   Number         0  usbd_pid.o ABSOLUTE
    ..\\Src\\usbd_pid.c                      0x00000000   Number         0  usbd_pid.o ABSOLUTE
    dc.s                                     0x00000000   Number         0  dc.o ABSOLUTE
    handlers.s                               0x00000000   Number         0  handlers.o ABSOLUTE
    init.s                                   0x00000000   Number         0  init.o ABSOLUTE
    startup_stm32f103xe.s                    0x00000000   Number         0  startup_stm32f103xe.o ABSOLUTE
    RESET                                    0x08000000   Section      304  startup_stm32f103xe.o(RESET)
    .ARM.Collect$$$$00000000                 0x08000130   Section        0  entry.o(.ARM.Collect$$$$00000000)
    .ARM.Collect$$$$00000001                 0x08000130   Section        4  entry2.o(.ARM.Collect$$$$00000001)
    .ARM.Collect$$$$00000004                 0x08000134   Section        4  entry5.o(.ARM.Collect$$$$00000004)
    .ARM.Collect$$$$00000008                 0x08000138   Section        0  entry7b.o(.ARM.Collect$$$$00000008)
    .ARM.Collect$$$$0000000A                 0x08000138   Section        0  entry8b.o(.ARM.Collect$$$$0000000A)
    .ARM.Collect$$$$0000000B                 0x08000138   Section        8  entry9a.o(.ARM.Collect$$$$0000000B)
    .ARM.Collect$$$$0000000D                 0x08000140   Section        0  entry10a.o(.ARM.Collect$$$$0000000D)
    .ARM.Collect$$$$0000000F                 0x08000140   Section        0  entry11a.o(.ARM.Collect$$$$0000000F)
    .ARM.Collect$$$$00002712                 0x08000140   Section        4  entry2.o(.ARM.Collect$$$$00002712)
    __lit__00000000                          0x08000140   Data           4  entry2.o(.ARM.Collect$$$$00002712)
    .text                                    0x08000144   Section       36  startup_stm32f103xe.o(.text)
    .text                                    0x08000168   Section        0  llushr.o(.text)
    .text                                    0x08000188   Section        0  memcpya.o(.text)
    .text                                    0x080001ac   Section        0  dmul.o(.text)
    .text                                    0x08000290   Section        0  dscalb.o(.text)
    .text                                    0x080002be   Section        0  dflti.o(.text)
    .text                                    0x080002e0   Section        0  dfixi.o(.text)
    .text                                    0x0800031e   Section        0  depilogue.o(.text)
    .text                                    0x0800031e   Section        0  iusefp.o(.text)
    .text                                    0x080003dc   Section       36  init.o(.text)
    .text                                    0x08000400   Section        0  llshl.o(.text)
    .text                                    0x0800041e   Section        0  __dczerorl2.o(.text)
    i.ADC_ConversionStop_Disable             0x0800047a   Section        0  stm32f1xx_hal_adc.o(i.ADC_ConversionStop_Disable)
    i.ADC_DMAConvCplt                        0x080004ca   Section        0  stm32f1xx_hal_adc.o(i.ADC_DMAConvCplt)
    i.ADC_DMAError                           0x0800051c   Section        0  stm32f1xx_hal_adc.o(i.ADC_DMAError)
    i.ADC_DMAHalfConvCplt                    0x0800053a   Section        0  stm32f1xx_hal_adc.o(i.ADC_DMAHalfConvCplt)
    i.ADC_Enable                             0x08000548   Section        0  stm32f1xx_hal_adc.o(i.ADC_Enable)
    i.BusFault_Handler                       0x080005c8   Section        0  stm32f1xx_it.o(i.BusFault_Handler)
    i.DMA1_Channel1_IRQHandler               0x080005cc   Section        0  stm32f1xx_it.o(i.DMA1_Channel1_IRQHandler)
    i.DMA_SetConfig                          0x080005dc   Section        0  stm32f1xx_hal_dma.o(i.DMA_SetConfig)
    DMA_SetConfig                            0x080005dd   Thumb Code    32  stm32f1xx_hal_dma.o(i.DMA_SetConfig)
    i.DebugMon_Handler                       0x080005fc   Section        0  stm32f1xx_it.o(i.DebugMon_Handler)
    i.EXTI2_IRQHandler                       0x080005fe   Section        0  stm32f1xx_it.o(i.EXTI2_IRQHandler)
    i.EffectExecuter                         0x08000600   Section        0  main.o(i.EffectExecuter)
    i.Error_Handler                          0x08000694   Section        0  main.o(i.Error_Handler)
    i.GenerateReport                         0x08000698   Section        0  main.o(i.GenerateReport)
    i.HAL_ADC_ConfigChannel                  0x080006ec   Section        0  stm32f1xx_hal_adc.o(i.HAL_ADC_ConfigChannel)
    i.HAL_ADC_ConvCpltCallback               0x080008b0   Section        0  main.o(i.HAL_ADC_ConvCpltCallback)
    i.HAL_ADC_ConvHalfCpltCallback           0x080008d0   Section        0  stm32f1xx_hal_adc.o(i.HAL_ADC_ConvHalfCpltCallback)
    i.HAL_ADC_ErrorCallback                  0x080008d2   Section        0  stm32f1xx_hal_adc.o(i.HAL_ADC_ErrorCallback)
    i.HAL_ADC_Init                           0x080008d4   Section        0  stm32f1xx_hal_adc.o(i.HAL_ADC_Init)
    i.HAL_ADC_MspInit                        0x08000a54   Section        0  stm32f1xx_hal_msp.o(i.HAL_ADC_MspInit)
    i.HAL_ADC_Start_DMA                      0x08000adc   Section        0  stm32f1xx_hal_adc.o(i.HAL_ADC_Start_DMA)
    i.HAL_ADC_Stop_DMA                       0x08000c5c   Section        0  stm32f1xx_hal_adc.o(i.HAL_ADC_Stop_DMA)
    i.HAL_DMA_Abort                          0x08000cbc   Section        0  stm32f1xx_hal_dma.o(i.HAL_DMA_Abort)
    i.HAL_DMA_IRQHandler                     0x08000d1c   Section        0  stm32f1xx_hal_dma.o(i.HAL_DMA_IRQHandler)
    i.HAL_DMA_Init                           0x08001624   Section        0  stm32f1xx_hal_dma.o(i.HAL_DMA_Init)
    i.HAL_DMA_Start_IT                       0x08001678   Section        0  stm32f1xx_hal_dma.o(i.HAL_DMA_Start_IT)
    i.HAL_Delay                              0x080016ee   Section        0  stm32f1xx_hal.o(i.HAL_Delay)
    i.HAL_GPIO_Init                          0x08001708   Section        0  stm32f1xx_hal_gpio.o(i.HAL_GPIO_Init)
    i.HAL_GetTick                            0x08001a48   Section        0  stm32f1xx_hal.o(i.HAL_GetTick)
    i.HAL_IncTick                            0x08001a54   Section        0  stm32f1xx_hal.o(i.HAL_IncTick)
    i.HAL_Init                               0x08001a64   Section        0  stm32f1xx_hal.o(i.HAL_Init)
    i.HAL_InitTick                           0x08001a8c   Section        0  stm32f1xx_hal.o(i.HAL_InitTick)
    i.HAL_MspInit                            0x08001ab0   Section        0  stm32f1xx_hal_msp.o(i.HAL_MspInit)
    i.HAL_NVIC_EnableIRQ                     0x08001b3c   Section        0  stm32f1xx_hal_cortex.o(i.HAL_NVIC_EnableIRQ)
    i.HAL_NVIC_SetPriority                   0x08001b58   Section        0  stm32f1xx_hal_cortex.o(i.HAL_NVIC_SetPriority)
    i.HAL_NVIC_SetPriorityGrouping           0x08001bd4   Section        0  stm32f1xx_hal_cortex.o(i.HAL_NVIC_SetPriorityGrouping)
    i.HAL_PCDEx_PMAConfig                    0x08001bfc   Section        0  stm32f1xx_hal_pcd_ex.o(i.HAL_PCDEx_PMAConfig)
    i.HAL_PCDEx_SetConnectionState           0x08001c3a   Section        0  usbd_conf.o(i.HAL_PCDEx_SetConnectionState)
    i.HAL_PCD_DataInStageCallback            0x08001c3c   Section        0  usbd_conf.o(i.HAL_PCD_DataInStageCallback)
    i.HAL_PCD_DataOutStageCallback           0x08001c5a   Section        0  usbd_conf.o(i.HAL_PCD_DataOutStageCallback)
    i.HAL_PCD_EP_Close                       0x08001c78   Section        0  stm32f1xx_hal_pcd.o(i.HAL_PCD_EP_Close)
    i.HAL_PCD_EP_ClrStall                    0x08001cdc   Section        0  stm32f1xx_hal_pcd.o(i.HAL_PCD_EP_ClrStall)
    i.HAL_PCD_EP_Open                        0x08001d3e   Section        0  stm32f1xx_hal_pcd.o(i.HAL_PCD_EP_Open)
    i.HAL_PCD_EP_Receive                     0x08001db4   Section        0  stm32f1xx_hal_pcd.o(i.HAL_PCD_EP_Receive)
    i.HAL_PCD_EP_SetStall                    0x08001e1e   Section        0  stm32f1xx_hal_pcd.o(i.HAL_PCD_EP_SetStall)
    i.HAL_PCD_EP_Transmit                    0x08001e90   Section        0  stm32f1xx_hal_pcd.o(i.HAL_PCD_EP_Transmit)
    i.HAL_PCD_IRQHandler                     0x08001efc   Section        0  stm32f1xx_hal_pcd.o(i.HAL_PCD_IRQHandler)
    i.HAL_PCD_Init                           0x08002060   Section        0  stm32f1xx_hal_pcd.o(i.HAL_PCD_Init)
    i.HAL_PCD_MspInit                        0x0800217c   Section        0  usbd_conf.o(i.HAL_PCD_MspInit)
    i.HAL_PCD_ResetCallback                  0x080021c0   Section        0  usbd_conf.o(i.HAL_PCD_ResetCallback)
    i.HAL_PCD_ResumeCallback                 0x080021ee   Section        0  usbd_conf.o(i.HAL_PCD_ResumeCallback)
    i.HAL_PCD_SOFCallback                    0x080021fe   Section        0  usbd_conf.o(i.HAL_PCD_SOFCallback)
    i.HAL_PCD_SetAddress                     0x0800220e   Section        0  stm32f1xx_hal_pcd.o(i.HAL_PCD_SetAddress)
    i.HAL_PCD_SetupStageCallback             0x08002244   Section        0  usbd_conf.o(i.HAL_PCD_SetupStageCallback)
    i.HAL_PCD_Start                          0x08002258   Section        0  stm32f1xx_hal_pcd.o(i.HAL_PCD_Start)
    i.HAL_PCD_SuspendCallback                0x08002294   Section        0  usbd_conf.o(i.HAL_PCD_SuspendCallback)
    i.HAL_RCCEx_PeriphCLKConfig              0x080022b8   Section        0  stm32f1xx_hal_rcc_ex.o(i.HAL_RCCEx_PeriphCLKConfig)
    i.HAL_RCC_ClockConfig                    0x08002424   Section        0  stm32f1xx_hal_rcc.o(i.HAL_RCC_ClockConfig)
    i.HAL_RCC_GetHCLKFreq                    0x080026b4   Section        0  stm32f1xx_hal_rcc.o(i.HAL_RCC_GetHCLKFreq)
    i.HAL_RCC_GetSysClockFreq                0x080026c0   Section        0  stm32f1xx_hal_rcc.o(i.HAL_RCC_GetSysClockFreq)
    i.HAL_RCC_OscConfig                      0x08002774   Section        0  stm32f1xx_hal_rcc.o(i.HAL_RCC_OscConfig)
    i.HAL_SYSTICK_CLKSourceConfig            0x08002fc8   Section        0  stm32f1xx_hal_cortex.o(i.HAL_SYSTICK_CLKSourceConfig)
    i.HAL_SYSTICK_Callback                   0x08002ff0   Section        0  stm32f1xx_hal_cortex.o(i.HAL_SYSTICK_Callback)
    i.HAL_SYSTICK_Config                     0x08002ff2   Section        0  stm32f1xx_hal_cortex.o(i.HAL_SYSTICK_Config)
    i.HAL_SYSTICK_IRQHandler                 0x08003026   Section        0  stm32f1xx_hal_cortex.o(i.HAL_SYSTICK_IRQHandler)
    i.HAL_TIMEx_MasterConfigSynchronization  0x0800302e   Section        0  stm32f1xx_hal_tim_ex.o(i.HAL_TIMEx_MasterConfigSynchronization)
    i.HAL_TIM_MspPostInit                    0x08003090   Section        0  stm32f1xx_hal_msp.o(i.HAL_TIM_MspPostInit)
    i.HAL_TIM_PWM_ConfigChannel              0x080030d0   Section        0  stm32f1xx_hal_tim.o(i.HAL_TIM_PWM_ConfigChannel)
    i.HAL_TIM_PWM_Init                       0x080031d8   Section        0  stm32f1xx_hal_tim.o(i.HAL_TIM_PWM_Init)
    i.HAL_TIM_PWM_MspInit                    0x0800320c   Section        0  stm32f1xx_hal_msp.o(i.HAL_TIM_PWM_MspInit)
    i.HAL_TIM_PWM_Start                      0x0800323c   Section        0  stm32f1xx_hal_tim.o(i.HAL_TIM_PWM_Start)
    i.HAL_TIM_PWM_Stop                       0x08003288   Section        0  stm32f1xx_hal_tim.o(i.HAL_TIM_PWM_Stop)
    i.HardFault_Handler                      0x08003310   Section        0  stm32f1xx_it.o(i.HardFault_Handler)
    i.MX_ADC1_Init                           0x08003314   Section        0  main.o(i.MX_ADC1_Init)
    MX_ADC1_Init                             0x08003315   Thumb Code   132  main.o(i.MX_ADC1_Init)
    i.MX_TIM3_Init                           0x080033a0   Section        0  main.o(i.MX_TIM3_Init)
    MX_TIM3_Init                             0x080033a1   Thumb Code   146  main.o(i.MX_TIM3_Init)
    i.MX_USB_DEVICE_Init                     0x0800343c   Section        0  usb_device.o(i.MX_USB_DEVICE_Init)
    i.MemManage_Handler                      0x08003464   Section        0  stm32f1xx_it.o(i.MemManage_Handler)
    i.NMI_Handler                            0x08003468   Section        0  stm32f1xx_it.o(i.NMI_Handler)
    i.NVIC_GetPriorityGrouping               0x0800346c   Section        0  stm32f1xx_hal_cortex.o(i.NVIC_GetPriorityGrouping)
    NVIC_GetPriorityGrouping                 0x0800346d   Thumb Code    10  stm32f1xx_hal_cortex.o(i.NVIC_GetPriorityGrouping)
    i.NVIC_SetPriority                       0x0800347c   Section        0  stm32f1xx_hal_cortex.o(i.NVIC_SetPriority)
    NVIC_SetPriority                         0x0800347d   Thumb Code    32  stm32f1xx_hal_cortex.o(i.NVIC_SetPriority)
    i.PCD_EP_ISR_Handler                     0x080034a4   Section        0  stm32f1xx_hal_pcd.o(i.PCD_EP_ISR_Handler)
    PCD_EP_ISR_Handler                       0x080034a5   Thumb Code  1084  stm32f1xx_hal_pcd.o(i.PCD_EP_ISR_Handler)
    i.PendSV_Handler                         0x080038e0   Section        0  stm32f1xx_it.o(i.PendSV_Handler)
    i.SVC_Handler                            0x080038e2   Section        0  stm32f1xx_it.o(i.SVC_Handler)
    i.Set_Acutator_PWM                       0x080038e4   Section        0  main.o(i.Set_Acutator_PWM)
    i.SysTick_Handler                        0x0800393c   Section        0  stm32f1xx_it.o(i.SysTick_Handler)
    i.SystemClock_Config                     0x08003948   Section        0  main.o(i.SystemClock_Config)
    i.SystemInit                             0x080039c4   Section        0  system_stm32f1xx.o(i.SystemInit)
    i.TIM_Base_SetConfig                     0x08003a1c   Section        0  stm32f1xx_hal_tim.o(i.TIM_Base_SetConfig)
    i.TIM_CCxChannelCmd                      0x08003aac   Section        0  stm32f1xx_hal_tim.o(i.TIM_CCxChannelCmd)
    i.TIM_OC1_SetConfig                      0x08003ac8   Section        0  stm32f1xx_hal_tim.o(i.TIM_OC1_SetConfig)
    TIM_OC1_SetConfig                        0x08003ac9   Thumb Code   110  stm32f1xx_hal_tim.o(i.TIM_OC1_SetConfig)
    i.TIM_OC2_SetConfig                      0x08003b40   Section        0  stm32f1xx_hal_tim.o(i.TIM_OC2_SetConfig)
    i.TIM_OC3_SetConfig                      0x08003bc0   Section        0  stm32f1xx_hal_tim.o(i.TIM_OC3_SetConfig)
    TIM_OC3_SetConfig                        0x08003bc1   Thumb Code   118  stm32f1xx_hal_tim.o(i.TIM_OC3_SetConfig)
    i.TIM_OC4_SetConfig                      0x08003c40   Section        0  stm32f1xx_hal_tim.o(i.TIM_OC4_SetConfig)
    TIM_OC4_SetConfig                        0x08003c41   Thumb Code    80  stm32f1xx_hal_tim.o(i.TIM_OC4_SetConfig)
    i.USBD_ClrClassConfig                    0x08003c98   Section        0  usbd_core.o(i.USBD_ClrClassConfig)
    i.USBD_ClrFeature                        0x08003cae   Section        0  usbd_ctlreq.o(i.USBD_ClrFeature)
    USBD_ClrFeature                          0x08003caf   Thumb Code    68  usbd_ctlreq.o(i.USBD_ClrFeature)
    i.USBD_CtlContinueRx                     0x08003cf2   Section        0  usbd_ioreq.o(i.USBD_CtlContinueRx)
    i.USBD_CtlContinueSendData               0x08003d0a   Section        0  usbd_ioreq.o(i.USBD_CtlContinueSendData)
    i.USBD_CtlError                          0x08003d22   Section        0  usbd_ctlreq.o(i.USBD_CtlError)
    i.USBD_CtlReceiveStatus                  0x08003d3a   Section        0  usbd_ioreq.o(i.USBD_CtlReceiveStatus)
    i.USBD_CtlSendData                       0x08003d54   Section        0  usbd_ioreq.o(i.USBD_CtlSendData)
    i.USBD_CtlSendStatus                     0x08003d76   Section        0  usbd_ioreq.o(i.USBD_CtlSendStatus)
    i.USBD_FS_ConfigStrDescriptor            0x08003d90   Section        0  usbd_desc.o(i.USBD_FS_ConfigStrDescriptor)
    i.USBD_FS_DeviceDescriptor               0x08003dc8   Section        0  usbd_desc.o(i.USBD_FS_DeviceDescriptor)
    i.USBD_FS_InterfaceStrDescriptor         0x08003dd8   Section        0  usbd_desc.o(i.USBD_FS_InterfaceStrDescriptor)
    i.USBD_FS_LangIDStrDescriptor            0x08003e18   Section        0  usbd_desc.o(i.USBD_FS_LangIDStrDescriptor)
    i.USBD_FS_ManufacturerStrDescriptor      0x08003e28   Section        0  usbd_desc.o(i.USBD_FS_ManufacturerStrDescriptor)
    i.USBD_FS_ProductStrDescriptor           0x08003e54   Section        0  usbd_desc.o(i.USBD_FS_ProductStrDescriptor)
    i.USBD_FS_SerialStrDescriptor            0x08003e9c   Section        0  usbd_desc.o(i.USBD_FS_SerialStrDescriptor)
    i.USBD_GetConfig                         0x08003ed4   Section        0  usbd_ctlreq.o(i.USBD_GetConfig)
    USBD_GetConfig                           0x08003ed5   Thumb Code    80  usbd_ctlreq.o(i.USBD_GetConfig)
    i.USBD_GetDescriptor                     0x08003f24   Section        0  usbd_ctlreq.o(i.USBD_GetDescriptor)
    USBD_GetDescriptor                       0x08003f25   Thumb Code   336  usbd_ctlreq.o(i.USBD_GetDescriptor)
    i.USBD_GetLen                            0x08004074   Section        0  usbd_ctlreq.o(i.USBD_GetLen)
    USBD_GetLen                              0x08004075   Thumb Code    20  usbd_ctlreq.o(i.USBD_GetLen)
    i.USBD_GetStatus                         0x08004088   Section        0  usbd_ctlreq.o(i.USBD_GetStatus)
    USBD_GetStatus                           0x08004089   Thumb Code    68  usbd_ctlreq.o(i.USBD_GetStatus)
    i.USBD_GetString                         0x080040cc   Section        0  usbd_ctlreq.o(i.USBD_GetString)
    i.USBD_HID_DataIn                        0x0800411e   Section        0  usbd_hid.o(i.USBD_HID_DataIn)
    USBD_HID_DataIn                          0x0800411f   Thumb Code    12  usbd_hid.o(i.USBD_HID_DataIn)
    i.USBD_HID_DeInit                        0x0800412a   Section        0  usbd_hid.o(i.USBD_HID_DeInit)
    USBD_HID_DeInit                          0x0800412b   Thumb Code    38  usbd_hid.o(i.USBD_HID_DeInit)
    i.USBD_HID_GetCfgDesc                    0x08004150   Section        0  usbd_hid.o(i.USBD_HID_GetCfgDesc)
    USBD_HID_GetCfgDesc                      0x08004151   Thumb Code    10  usbd_hid.o(i.USBD_HID_GetCfgDesc)
    i.USBD_HID_GetDeviceQualifierDesc        0x08004160   Section        0  usbd_hid.o(i.USBD_HID_GetDeviceQualifierDesc)
    USBD_HID_GetDeviceQualifierDesc          0x08004161   Thumb Code    10  usbd_hid.o(i.USBD_HID_GetDeviceQualifierDesc)
    i.USBD_HID_Init                          0x08004170   Section        0  usbd_hid.o(i.USBD_HID_Init)
    USBD_HID_Init                            0x08004171   Thumb Code    52  usbd_hid.o(i.USBD_HID_Init)
    i.USBD_HID_SendReport                    0x080041a4   Section        0  usbd_hid.o(i.USBD_HID_SendReport)
    i.USBD_HID_Setup                         0x080041d4   Section        0  usbd_hid.o(i.USBD_HID_Setup)
    USBD_HID_Setup                           0x080041d5   Thumb Code   216  usbd_hid.o(i.USBD_HID_Setup)
    i.USBD_Init                              0x080042b4   Section        0  usbd_core.o(i.USBD_Init)
    i.USBD_LL_ClearStallEP                   0x080042e6   Section        0  usbd_conf.o(i.USBD_LL_ClearStallEP)
    i.USBD_LL_CloseEP                        0x080042fa   Section        0  usbd_conf.o(i.USBD_LL_CloseEP)
    i.USBD_LL_DataInStage                    0x0800430e   Section        0  usbd_core.o(i.USBD_LL_DataInStage)
    i.USBD_LL_DataOutStage                   0x080043e8   Section        0  usbd_core.o(i.USBD_LL_DataOutStage)
    i.USBD_LL_Init                           0x08004470   Section        0  usbd_conf.o(i.USBD_LL_Init)
    i.USBD_LL_IsStallEP                      0x080044dc   Section        0  usbd_conf.o(i.USBD_LL_IsStallEP)
    i.USBD_LL_OpenEP                         0x0800450c   Section        0  usbd_conf.o(i.USBD_LL_OpenEP)
    i.USBD_LL_PrepareReceive                 0x0800452c   Section        0  usbd_conf.o(i.USBD_LL_PrepareReceive)
    i.USBD_LL_Reset                          0x0800454c   Section        0  usbd_core.o(i.USBD_LL_Reset)
    i.USBD_LL_Resume                         0x08004590   Section        0  usbd_core.o(i.USBD_LL_Resume)
    i.USBD_LL_SOF                            0x0800459e   Section        0  usbd_core.o(i.USBD_LL_SOF)
    i.USBD_LL_SetSpeed                       0x080045c0   Section        0  usbd_core.o(i.USBD_LL_SetSpeed)
    i.USBD_LL_SetUSBAddress                  0x080045c8   Section        0  usbd_conf.o(i.USBD_LL_SetUSBAddress)
    i.USBD_LL_SetupStage                     0x080045dc   Section        0  usbd_core.o(i.USBD_LL_SetupStage)
    i.USBD_LL_StallEP                        0x0800464a   Section        0  usbd_conf.o(i.USBD_LL_StallEP)
    i.USBD_LL_Start                          0x0800465e   Section        0  usbd_conf.o(i.USBD_LL_Start)
    i.USBD_LL_Suspend                        0x0800466e   Section        0  usbd_core.o(i.USBD_LL_Suspend)
    i.USBD_LL_Transmit                       0x08004682   Section        0  usbd_conf.o(i.USBD_LL_Transmit)
    i.USBD_ParseSetupRequest                 0x080046a2   Section        0  usbd_ctlreq.o(i.USBD_ParseSetupRequest)
    i.USBD_RegisterClass                     0x080046ca   Section        0  usbd_core.o(i.USBD_RegisterClass)
    i.USBD_RunTestMode                       0x080046da   Section        0  usbd_core.o(i.USBD_RunTestMode)
    i.USBD_SetAddress                        0x080046e0   Section        0  usbd_ctlreq.o(i.USBD_SetAddress)
    USBD_SetAddress                          0x080046e1   Thumb Code    84  usbd_ctlreq.o(i.USBD_SetAddress)
    i.USBD_SetClassConfig                    0x08004734   Section        0  usbd_core.o(i.USBD_SetClassConfig)
    i.USBD_SetConfig                         0x08004758   Section        0  usbd_ctlreq.o(i.USBD_SetConfig)
    USBD_SetConfig                           0x08004759   Thumb Code   218  usbd_ctlreq.o(i.USBD_SetConfig)
    i.USBD_SetFeature                        0x08004838   Section        0  usbd_ctlreq.o(i.USBD_SetFeature)
    USBD_SetFeature                          0x08004839   Thumb Code    36  usbd_ctlreq.o(i.USBD_SetFeature)
    i.USBD_Start                             0x0800485c   Section        0  usbd_core.o(i.USBD_Start)
    i.USBD_StdDevReq                         0x0800486a   Section        0  usbd_ctlreq.o(i.USBD_StdDevReq)
    i.USBD_StdEPReq                          0x080048dc   Section        0  usbd_ctlreq.o(i.USBD_StdEPReq)
    i.USBD_StdItfReq                         0x08004a32   Section        0  usbd_ctlreq.o(i.USBD_StdItfReq)
    i.USBD_static_free                       0x08004a7c   Section        0  usbd_conf.o(i.USBD_static_free)
    i.USBD_static_malloc                     0x08004a80   Section        0  usbd_conf.o(i.USBD_static_malloc)
    i.USB_ActivateEndpoint                   0x08004a8c   Section        0  stm32f1xx_ll_usb.o(i.USB_ActivateEndpoint)
    i.USB_CoreInit                           0x08004e36   Section        0  stm32f1xx_ll_usb.o(i.USB_CoreInit)
    i.USB_DeactivateEndpoint                 0x08004e3e   Section        0  stm32f1xx_ll_usb.o(i.USB_DeactivateEndpoint)
    i.USB_DevConnect                         0x08005052   Section        0  stm32f1xx_ll_usb.o(i.USB_DevConnect)
    i.USB_DevDisconnect                      0x08005058   Section        0  stm32f1xx_ll_usb.o(i.USB_DevDisconnect)
    i.USB_DevInit                            0x0800505e   Section        0  stm32f1xx_ll_usb.o(i.USB_DevInit)
    i.USB_DisableGlobalInt                   0x08005076   Section        0  stm32f1xx_ll_usb.o(i.USB_DisableGlobalInt)
    i.USB_EP0_OutStart                       0x0800508c   Section        0  stm32f1xx_ll_usb.o(i.USB_EP0_OutStart)
    i.USB_EPClearStall                       0x08005092   Section        0  stm32f1xx_ll_usb.o(i.USB_EPClearStall)
    i.USB_EPSetStall                         0x08005146   Section        0  stm32f1xx_ll_usb.o(i.USB_EPSetStall)
    i.USB_EPStartXfer                        0x080051cc   Section        0  stm32f1xx_ll_usb.o(i.USB_EPStartXfer)
    i.USB_EnableGlobalInt                    0x080054fc   Section        0  stm32f1xx_ll_usb.o(i.USB_EnableGlobalInt)
    i.USB_LP_CAN1_RX0_IRQHandler             0x08005514   Section        0  stm32f1xx_it.o(i.USB_LP_CAN1_RX0_IRQHandler)
    i.USB_ReadInterrupts                     0x08005524   Section        0  stm32f1xx_ll_usb.o(i.USB_ReadInterrupts)
    i.USB_ReadPMA                            0x0800552e   Section        0  stm32f1xx_ll_usb.o(i.USB_ReadPMA)
    i.USB_SetCurrentMode                     0x08005556   Section        0  stm32f1xx_ll_usb.o(i.USB_SetCurrentMode)
    i.USB_SetDevAddress                      0x0800555c   Section        0  stm32f1xx_ll_usb.o(i.USB_SetDevAddress)
    i.USB_WritePMA                           0x0800556a   Section        0  stm32f1xx_ll_usb.o(i.USB_WritePMA)
    i.UsageFault_Handler                     0x080055ac   Section        0  stm32f1xx_it.o(i.UsageFault_Handler)
    i.__scatterload_copy                     0x080055b0   Section       14  handlers.o(i.__scatterload_copy)
    i.__scatterload_null                     0x080055be   Section        2  handlers.o(i.__scatterload_null)
    i.__scatterload_zeroinit                 0x080055c0   Section       14  handlers.o(i.__scatterload_zeroinit)
    i.main                                   0x080055d0   Section        0  main.o(i.main)
    .constdata                               0x08005670   Section       24  system_stm32f1xx.o(.constdata)
    .data                                    0x20000000   Section       52  usbd_desc.o(.data)
    .data                                    0x20000034   Section       43  main.o(.data)
    Run_Time                                 0x20000050   Data           4  main.o(.data)
    pre_Run_Time                             0x20000054   Data           4  main.o(.data)
    .data                                    0x20000060   Section        4  system_stm32f1xx.o(.data)
    .data                                    0x20000064   Section        4  stm32f1xx_hal.o(.data)
    uwTick                                   0x20000064   Data           4  stm32f1xx_hal.o(.data)
    .data                                    0x20000068   Section        1  usbd_ctlreq.o(.data)
    cfgidx                                   0x20000068   Data           1  usbd_ctlreq.o(.data)
    .data                                    0x2000006c   Section      220  usbd_hid.o(.data)
    USBD_HID_CfgDesc                         0x200000a8   Data          41  usbd_hid.o(.data)
    USBD_HID_Desc                            0x200000d4   Data           9  usbd_hid.o(.data)
    USBD_HID_DeviceQualifierDesc             0x200000e0   Data          10  usbd_hid.o(.data)
    HID_MOUSE_ReportDesc                     0x200000ec   Data          92  usbd_hid.o(.data)
    .bss                                     0x20000148   Section      512  usbd_desc.o(.bss)
    .bss                                     0x20000348   Section     1076  usbd_conf.o(.bss)
    mem                                      0x20000348   Data          20  usbd_conf.o(.bss)
    .bss                                     0x2000077c   Section      128  main.o(.bss)
    .bss                                     0x200007fc   Section       56  main.o(.bss)
    .bss                                     0x20000834   Section      548  usb_device.o(.bss)
    STACK                                    0x20000a58   Section     1024  startup_stm32f103xe.o(STACK)

    Global Symbols

    Symbol Name                              Value     Ov Type        Size  Object(Section)

    BuildAttributes$$THM_ISAv4$P$D$K$B$S$PE$A:L22UL41UL21$X:L11$S22US41US21$IEEE1$IW$USESV6$~STKCKD$USESV7$~SHL$OSPACE$ROPI$EBA8$MICROLIB$REQ8$PRES8$EABIv2 0x00000000   Number         0  anon$$obj.o ABSOLUTE
    __ARM_use_no_argv                        0x00000000   Number         0  main.o ABSOLUTE
    __cpp_initialize__aeabi_                  - Undefined Weak Reference
    __cxa_finalize                            - Undefined Weak Reference
    _clock_init                               - Undefined Weak Reference
    _microlib_exit                            - Undefined Weak Reference
    __Vectors_Size                           0x00000130   Number         0  startup_stm32f103xe.o ABSOLUTE
    __Vectors                                0x08000000   Data           4  startup_stm32f103xe.o(RESET)
    __Vectors_End                            0x08000130   Data           0  startup_stm32f103xe.o(RESET)
    __main                                   0x08000131   Thumb Code     0  entry.o(.ARM.Collect$$$$00000000)
    _main_stk                                0x08000131   Thumb Code     0  entry2.o(.ARM.Collect$$$$00000001)
    _main_scatterload                        0x08000135   Thumb Code     0  entry5.o(.ARM.Collect$$$$00000004)
    __main_after_scatterload                 0x08000139   Thumb Code     0  entry5.o(.ARM.Collect$$$$00000004)
    _main_clock                              0x08000139   Thumb Code     0  entry7b.o(.ARM.Collect$$$$00000008)
    _main_cpp_init                           0x08000139   Thumb Code     0  entry8b.o(.ARM.Collect$$$$0000000A)
    _main_init                               0x08000139   Thumb Code     0  entry9a.o(.ARM.Collect$$$$0000000B)
    __rt_final_cpp                           0x08000141   Thumb Code     0  entry10a.o(.ARM.Collect$$$$0000000D)
    __rt_final_exit                          0x08000141   Thumb Code     0  entry11a.o(.ARM.Collect$$$$0000000F)
    Reset_Handler                            0x08000145   Thumb Code     8  startup_stm32f103xe.o(.text)
    ADC1_2_IRQHandler                        0x0800015f   Thumb Code     0  startup_stm32f103xe.o(.text)
    ADC3_IRQHandler                          0x0800015f   Thumb Code     0  startup_stm32f103xe.o(.text)
    CAN1_RX1_IRQHandler                      0x0800015f   Thumb Code     0  startup_stm32f103xe.o(.text)
    CAN1_SCE_IRQHandler                      0x0800015f   Thumb Code     0  startup_stm32f103xe.o(.text)
    DMA1_Channel2_IRQHandler                 0x0800015f   Thumb Code     0  startup_stm32f103xe.o(.text)
    DMA1_Channel3_IRQHandler                 0x0800015f   Thumb Code     0  startup_stm32f103xe.o(.text)
    DMA1_Channel4_IRQHandler                 0x0800015f   Thumb Code     0  startup_stm32f103xe.o(.text)
    DMA1_Channel5_IRQHandler                 0x0800015f   Thumb Code     0  startup_stm32f103xe.o(.text)
    DMA1_Channel6_IRQHandler                 0x0800015f   Thumb Code     0  startup_stm32f103xe.o(.text)
    DMA1_Channel7_IRQHandler                 0x0800015f   Thumb Code     0  startup_stm32f103xe.o(.text)
    DMA2_Channel1_IRQHandler                 0x0800015f   Thumb Code     0  startup_stm32f103xe.o(.text)
    DMA2_Channel2_IRQHandler                 0x0800015f   Thumb Code     0  startup_stm32f103xe.o(.text)
    DMA2_Channel3_IRQHandler                 0x0800015f   Thumb Code     0  startup_stm32f103xe.o(.text)
    DMA2_Channel4_5_IRQHandler               0x0800015f   Thumb Code     0  startup_stm32f103xe.o(.text)
    EXTI0_IRQHandler                         0x0800015f   Thumb Code     0  startup_stm32f103xe.o(.text)
    EXTI15_10_IRQHandler                     0x0800015f   Thumb Code     0  startup_stm32f103xe.o(.text)
    EXTI1_IRQHandler                         0x0800015f   Thumb Code     0  startup_stm32f103xe.o(.text)
    EXTI3_IRQHandler                         0x0800015f   Thumb Code     0  startup_stm32f103xe.o(.text)
    EXTI4_IRQHandler                         0x0800015f   Thumb Code     0  startup_stm32f103xe.o(.text)
    EXTI9_5_IRQHandler                       0x0800015f   Thumb Code     0  startup_stm32f103xe.o(.text)
    FLASH_IRQHandler                         0x0800015f   Thumb Code     0  startup_stm32f103xe.o(.text)
    FSMC_IRQHandler                          0x0800015f   Thumb Code     0  startup_stm32f103xe.o(.text)
    I2C1_ER_IRQHandler                       0x0800015f   Thumb Code     0  startup_stm32f103xe.o(.text)
    I2C1_EV_IRQHandler                       0x0800015f   Thumb Code     0  startup_stm32f103xe.o(.text)
    I2C2_ER_IRQHandler                       0x0800015f   Thumb Code     0  startup_stm32f103xe.o(.text)
    I2C2_EV_IRQHandler                       0x0800015f   Thumb Code     0  startup_stm32f103xe.o(.text)
    PVD_IRQHandler                           0x0800015f   Thumb Code     0  startup_stm32f103xe.o(.text)
    RCC_IRQHandler                           0x0800015f   Thumb Code     0  startup_stm32f103xe.o(.text)
    RTC_Alarm_IRQHandler                     0x0800015f   Thumb Code     0  startup_stm32f103xe.o(.text)
    RTC_IRQHandler                           0x0800015f   Thumb Code     0  startup_stm32f103xe.o(.text)
    SDIO_IRQHandler                          0x0800015f   Thumb Code     0  startup_stm32f103xe.o(.text)
    SPI1_IRQHandler                          0x0800015f   Thumb Code     0  startup_stm32f103xe.o(.text)
    SPI2_IRQHandler                          0x0800015f   Thumb Code     0  startup_stm32f103xe.o(.text)
    SPI3_IRQHandler                          0x0800015f   Thumb Code     0  startup_stm32f103xe.o(.text)
    TAMPER_IRQHandler                        0x0800015f   Thumb Code     0  startup_stm32f103xe.o(.text)
    TIM1_BRK_IRQHandler                      0x0800015f   Thumb Code     0  startup_stm32f103xe.o(.text)
    TIM1_CC_IRQHandler                       0x0800015f   Thumb Code     0  startup_stm32f103xe.o(.text)
    TIM1_TRG_COM_IRQHandler                  0x0800015f   Thumb Code     0  startup_stm32f103xe.o(.text)
    TIM1_UP_IRQHandler                       0x0800015f   Thumb Code     0  startup_stm32f103xe.o(.text)
    TIM2_IRQHandler                          0x0800015f   Thumb Code     0  startup_stm32f103xe.o(.text)
    TIM3_IRQHandler                          0x0800015f   Thumb Code     0  startup_stm32f103xe.o(.text)
    TIM4_IRQHandler                          0x0800015f   Thumb Code     0  startup_stm32f103xe.o(.text)
    TIM5_IRQHandler                          0x0800015f   Thumb Code     0  startup_stm32f103xe.o(.text)
    TIM6_IRQHandler                          0x0800015f   Thumb Code     0  startup_stm32f103xe.o(.text)
    TIM7_IRQHandler                          0x0800015f   Thumb Code     0  startup_stm32f103xe.o(.text)
    TIM8_BRK_IRQHandler                      0x0800015f   Thumb Code     0  startup_stm32f103xe.o(.text)
    TIM8_CC_IRQHandler                       0x0800015f   Thumb Code     0  startup_stm32f103xe.o(.text)
    TIM8_TRG_COM_IRQHandler                  0x0800015f   Thumb Code     0  startup_stm32f103xe.o(.text)
    TIM8_UP_IRQHandler                       0x0800015f   Thumb Code     0  startup_stm32f103xe.o(.text)
    UART4_IRQHandler                         0x0800015f   Thumb Code     0  startup_stm32f103xe.o(.text)
    UART5_IRQHandler                         0x0800015f   Thumb Code     0  startup_stm32f103xe.o(.text)
    USART1_IRQHandler                        0x0800015f   Thumb Code     0  startup_stm32f103xe.o(.text)
    USART2_IRQHandler                        0x0800015f   Thumb Code     0  startup_stm32f103xe.o(.text)
    USART3_IRQHandler                        0x0800015f   Thumb Code     0  startup_stm32f103xe.o(.text)
    USBWakeUp_IRQHandler                     0x0800015f   Thumb Code     0  startup_stm32f103xe.o(.text)
    USB_HP_CAN1_TX_IRQHandler                0x0800015f   Thumb Code     0  startup_stm32f103xe.o(.text)
    WWDG_IRQHandler                          0x0800015f   Thumb Code     0  startup_stm32f103xe.o(.text)
    __aeabi_llsr                             0x08000169   Thumb Code    32  llushr.o(.text)
    _ll_ushift_r                             0x08000169   Thumb Code     0  llushr.o(.text)
    __aeabi_memcpy                           0x08000189   Thumb Code    36  memcpya.o(.text)
    __aeabi_memcpy4                          0x08000189   Thumb Code     0  memcpya.o(.text)
    __aeabi_memcpy8                          0x08000189   Thumb Code     0  memcpya.o(.text)
    __aeabi_dmul                             0x080001ad   Thumb Code   228  dmul.o(.text)
    __ARM_scalbn                             0x08000291   Thumb Code    46  dscalb.o(.text)
    scalbn                                   0x08000291   Thumb Code     0  dscalb.o(.text)
    __aeabi_i2d                              0x080002bf   Thumb Code    34  dflti.o(.text)
    __aeabi_d2iz                             0x080002e1   Thumb Code    62  dfixi.o(.text)
    __I$use$fp                               0x0800031f   Thumb Code     0  iusefp.o(.text)
    _double_round                            0x0800031f   Thumb Code    26  depilogue.o(.text)
    _double_epilogue                         0x08000339   Thumb Code   164  depilogue.o(.text)
    __scatterload                            0x080003dd   Thumb Code    28  init.o(.text)
    __scatterload_rt2                        0x080003dd   Thumb Code     0  init.o(.text)
    __aeabi_llsl                             0x08000401   Thumb Code    30  llshl.o(.text)
    _ll_shift_l                              0x08000401   Thumb Code     0  llshl.o(.text)
    __decompress                             0x0800041f   Thumb Code     0  __dczerorl2.o(.text)
    __decompress1                            0x0800041f   Thumb Code    92  __dczerorl2.o(.text)
    ADC_ConversionStop_Disable               0x0800047b   Thumb Code    80  stm32f1xx_hal_adc.o(i.ADC_ConversionStop_Disable)
    ADC_DMAConvCplt                          0x080004cb   Thumb Code    82  stm32f1xx_hal_adc.o(i.ADC_DMAConvCplt)
    ADC_DMAError                             0x0800051d   Thumb Code    30  stm32f1xx_hal_adc.o(i.ADC_DMAError)
    ADC_DMAHalfConvCplt                      0x0800053b   Thumb Code    14  stm32f1xx_hal_adc.o(i.ADC_DMAHalfConvCplt)
    ADC_Enable                               0x08000549   Thumb Code   120  stm32f1xx_hal_adc.o(i.ADC_Enable)
    BusFault_Handler                         0x080005c9   Thumb Code     4  stm32f1xx_it.o(i.BusFault_Handler)
    DMA1_Channel1_IRQHandler                 0x080005cd   Thumb Code    10  stm32f1xx_it.o(i.DMA1_Channel1_IRQHandler)
    DebugMon_Handler                         0x080005fd   Thumb Code     2  stm32f1xx_it.o(i.DebugMon_Handler)
    EXTI2_IRQHandler                         0x080005ff   Thumb Code     2  stm32f1xx_it.o(i.EXTI2_IRQHandler)
    EffectExecuter                           0x08000601   Thumb Code   134  main.o(i.EffectExecuter)
    Error_Handler                            0x08000695   Thumb Code     2  main.o(i.Error_Handler)
    GenerateReport                           0x08000699   Thumb Code    72  main.o(i.GenerateReport)
    HAL_ADC_ConfigChannel                    0x080006ed   Thumb Code   438  stm32f1xx_hal_adc.o(i.HAL_ADC_ConfigChannel)
    HAL_ADC_ConvCpltCallback                 0x080008b1   Thumb Code    24  main.o(i.HAL_ADC_ConvCpltCallback)
    HAL_ADC_ConvHalfCpltCallback             0x080008d1   Thumb Code     2  stm32f1xx_hal_adc.o(i.HAL_ADC_ConvHalfCpltCallback)
    HAL_ADC_ErrorCallback                    0x080008d3   Thumb Code     2  stm32f1xx_hal_adc.o(i.HAL_ADC_ErrorCallback)
    HAL_ADC_Init                             0x080008d5   Thumb Code   372  stm32f1xx_hal_adc.o(i.HAL_ADC_Init)
    HAL_ADC_MspInit                          0x08000a55   Thumb Code   116  stm32f1xx_hal_msp.o(i.HAL_ADC_MspInit)
    HAL_ADC_Start_DMA                        0x08000add   Thumb Code   362  stm32f1xx_hal_adc.o(i.HAL_ADC_Start_DMA)
    HAL_ADC_Stop_DMA                         0x08000c5d   Thumb Code    96  stm32f1xx_hal_adc.o(i.HAL_ADC_Stop_DMA)
    HAL_DMA_Abort                            0x08000cbd   Thumb Code    96  stm32f1xx_hal_dma.o(i.HAL_DMA_Abort)
    HAL_DMA_IRQHandler                       0x08000d1d   Thumb Code  2304  stm32f1xx_hal_dma.o(i.HAL_DMA_IRQHandler)
    HAL_DMA_Init                             0x08001625   Thumb Code    84  stm32f1xx_hal_dma.o(i.HAL_DMA_Init)
    HAL_DMA_Start_IT                         0x08001679   Thumb Code   118  stm32f1xx_hal_dma.o(i.HAL_DMA_Start_IT)
    HAL_Delay                                0x080016ef   Thumb Code    26  stm32f1xx_hal.o(i.HAL_Delay)
    HAL_GPIO_Init                            0x08001709   Thumb Code   790  stm32f1xx_hal_gpio.o(i.HAL_GPIO_Init)
    HAL_GetTick                              0x08001a49   Thumb Code     6  stm32f1xx_hal.o(i.HAL_GetTick)
    HAL_IncTick                              0x08001a55   Thumb Code    12  stm32f1xx_hal.o(i.HAL_IncTick)
    HAL_Init                                 0x08001a65   Thumb Code    34  stm32f1xx_hal.o(i.HAL_Init)
    HAL_InitTick                             0x08001a8d   Thumb Code    36  stm32f1xx_hal.o(i.HAL_InitTick)
    HAL_MspInit                              0x08001ab1   Thumb Code   130  stm32f1xx_hal_msp.o(i.HAL_MspInit)
    HAL_NVIC_EnableIRQ                       0x08001b3d   Thumb Code    28  stm32f1xx_hal_cortex.o(i.HAL_NVIC_EnableIRQ)
    HAL_NVIC_SetPriority                     0x08001b59   Thumb Code   124  stm32f1xx_hal_cortex.o(i.HAL_NVIC_SetPriority)
    HAL_NVIC_SetPriorityGrouping             0x08001bd5   Thumb Code    32  stm32f1xx_hal_cortex.o(i.HAL_NVIC_SetPriorityGrouping)
    HAL_PCDEx_PMAConfig                      0x08001bfd   Thumb Code    62  stm32f1xx_hal_pcd_ex.o(i.HAL_PCDEx_PMAConfig)
    HAL_PCDEx_SetConnectionState             0x08001c3b   Thumb Code     2  usbd_conf.o(i.HAL_PCDEx_SetConnectionState)
    HAL_PCD_DataInStageCallback              0x08001c3d   Thumb Code    30  usbd_conf.o(i.HAL_PCD_DataInStageCallback)
    HAL_PCD_DataOutStageCallback             0x08001c5b   Thumb Code    30  usbd_conf.o(i.HAL_PCD_DataOutStageCallback)
    HAL_PCD_EP_Close                         0x08001c79   Thumb Code   100  stm32f1xx_hal_pcd.o(i.HAL_PCD_EP_Close)
    HAL_PCD_EP_ClrStall                      0x08001cdd   Thumb Code    98  stm32f1xx_hal_pcd.o(i.HAL_PCD_EP_ClrStall)
    HAL_PCD_EP_Open                          0x08001d3f   Thumb Code   118  stm32f1xx_hal_pcd.o(i.HAL_PCD_EP_Open)
    HAL_PCD_EP_Receive                       0x08001db5   Thumb Code   106  stm32f1xx_hal_pcd.o(i.HAL_PCD_EP_Receive)
    HAL_PCD_EP_SetStall                      0x08001e1f   Thumb Code   114  stm32f1xx_hal_pcd.o(i.HAL_PCD_EP_SetStall)
    HAL_PCD_EP_Transmit                      0x08001e91   Thumb Code   108  stm32f1xx_hal_pcd.o(i.HAL_PCD_EP_Transmit)
    HAL_PCD_IRQHandler                       0x08001efd   Thumb Code   356  stm32f1xx_hal_pcd.o(i.HAL_PCD_IRQHandler)
    HAL_PCD_Init                             0x08002061   Thumb Code   282  stm32f1xx_hal_pcd.o(i.HAL_PCD_Init)
    HAL_PCD_MspInit                          0x0800217d   Thumb Code    58  usbd_conf.o(i.HAL_PCD_MspInit)
    HAL_PCD_ResetCallback                    0x080021c1   Thumb Code    46  usbd_conf.o(i.HAL_PCD_ResetCallback)
    HAL_PCD_ResumeCallback                   0x080021ef   Thumb Code    16  usbd_conf.o(i.HAL_PCD_ResumeCallback)
    HAL_PCD_SOFCallback                      0x080021ff   Thumb Code    16  usbd_conf.o(i.HAL_PCD_SOFCallback)
    HAL_PCD_SetAddress                       0x0800220f   Thumb Code    54  stm32f1xx_hal_pcd.o(i.HAL_PCD_SetAddress)
    HAL_PCD_SetupStageCallback               0x08002245   Thumb Code    20  usbd_conf.o(i.HAL_PCD_SetupStageCallback)
    HAL_PCD_Start                            0x08002259   Thumb Code    60  stm32f1xx_hal_pcd.o(i.HAL_PCD_Start)
    HAL_PCD_SuspendCallback                  0x08002295   Thumb Code    32  usbd_conf.o(i.HAL_PCD_SuspendCallback)
    HAL_RCCEx_PeriphCLKConfig                0x080022b9   Thumb Code   350  stm32f1xx_hal_rcc_ex.o(i.HAL_RCCEx_PeriphCLKConfig)
    HAL_RCC_ClockConfig                      0x08002425   Thumb Code   640  stm32f1xx_hal_rcc.o(i.HAL_RCC_ClockConfig)
    HAL_RCC_GetHCLKFreq                      0x080026b5   Thumb Code     6  stm32f1xx_hal_rcc.o(i.HAL_RCC_GetHCLKFreq)
    HAL_RCC_GetSysClockFreq                  0x080026c1   Thumb Code   146  stm32f1xx_hal_rcc.o(i.HAL_RCC_GetSysClockFreq)
    HAL_RCC_OscConfig                        0x08002775   Thumb Code  2128  stm32f1xx_hal_rcc.o(i.HAL_RCC_OscConfig)
    HAL_SYSTICK_CLKSourceConfig              0x08002fc9   Thumb Code    40  stm32f1xx_hal_cortex.o(i.HAL_SYSTICK_CLKSourceConfig)
    HAL_SYSTICK_Callback                     0x08002ff1   Thumb Code     2  stm32f1xx_hal_cortex.o(i.HAL_SYSTICK_Callback)
    HAL_SYSTICK_Config                       0x08002ff3   Thumb Code    52  stm32f1xx_hal_cortex.o(i.HAL_SYSTICK_Config)
    HAL_SYSTICK_IRQHandler                   0x08003027   Thumb Code     8  stm32f1xx_hal_cortex.o(i.HAL_SYSTICK_IRQHandler)
    HAL_TIMEx_MasterConfigSynchronization    0x0800302f   Thumb Code    98  stm32f1xx_hal_tim_ex.o(i.HAL_TIMEx_MasterConfigSynchronization)
    HAL_TIM_MspPostInit                      0x08003091   Thumb Code    50  stm32f1xx_hal_msp.o(i.HAL_TIM_MspPostInit)
    HAL_TIM_PWM_ConfigChannel                0x080030d1   Thumb Code   264  stm32f1xx_hal_tim.o(i.HAL_TIM_PWM_ConfigChannel)
    HAL_TIM_PWM_Init                         0x080031d9   Thumb Code    52  stm32f1xx_hal_tim.o(i.HAL_TIM_PWM_Init)
    HAL_TIM_PWM_MspInit                      0x0800320d   Thumb Code    40  stm32f1xx_hal_msp.o(i.HAL_TIM_PWM_MspInit)
    HAL_TIM_PWM_Start                        0x0800323d   Thumb Code    68  stm32f1xx_hal_tim.o(i.HAL_TIM_PWM_Start)
    HAL_TIM_PWM_Stop                         0x08003289   Thumb Code   126  stm32f1xx_hal_tim.o(i.HAL_TIM_PWM_Stop)
    HardFault_Handler                        0x08003311   Thumb Code     4  stm32f1xx_it.o(i.HardFault_Handler)
    MX_USB_DEVICE_Init                       0x0800343d   Thumb Code    28  usb_device.o(i.MX_USB_DEVICE_Init)
    MemManage_Handler                        0x08003465   Thumb Code     4  stm32f1xx_it.o(i.MemManage_Handler)
    NMI_Handler                              0x08003469   Thumb Code     2  stm32f1xx_it.o(i.NMI_Handler)
    PendSV_Handler                           0x080038e1   Thumb Code     2  stm32f1xx_it.o(i.PendSV_Handler)
    SVC_Handler                              0x080038e3   Thumb Code     2  stm32f1xx_it.o(i.SVC_Handler)
    Set_Acutator_PWM                         0x080038e5   Thumb Code    84  main.o(i.Set_Acutator_PWM)
    SysTick_Handler                          0x0800393d   Thumb Code    12  stm32f1xx_it.o(i.SysTick_Handler)
    SystemClock_Config                       0x08003949   Thumb Code   124  main.o(i.SystemClock_Config)
    SystemInit                               0x080039c5   Thumb Code    70  system_stm32f1xx.o(i.SystemInit)
    TIM_Base_SetConfig                       0x08003a1d   Thumb Code   124  stm32f1xx_hal_tim.o(i.TIM_Base_SetConfig)
    TIM_CCxChannelCmd                        0x08003aad   Thumb Code    28  stm32f1xx_hal_tim.o(i.TIM_CCxChannelCmd)
    TIM_OC2_SetConfig                        0x08003b41   Thumb Code   120  stm32f1xx_hal_tim.o(i.TIM_OC2_SetConfig)
    USBD_ClrClassConfig                      0x08003c99   Thumb Code    22  usbd_core.o(i.USBD_ClrClassConfig)
    USBD_CtlContinueRx                       0x08003cf3   Thumb Code    24  usbd_ioreq.o(i.USBD_CtlContinueRx)
    USBD_CtlContinueSendData                 0x08003d0b   Thumb Code    24  usbd_ioreq.o(i.USBD_CtlContinueSendData)
    USBD_CtlError                            0x08003d23   Thumb Code    24  usbd_ctlreq.o(i.USBD_CtlError)
    USBD_CtlReceiveStatus                    0x08003d3b   Thumb Code    26  usbd_ioreq.o(i.USBD_CtlReceiveStatus)
    USBD_CtlSendData                         0x08003d55   Thumb Code    34  usbd_ioreq.o(i.USBD_CtlSendData)
    USBD_CtlSendStatus                       0x08003d77   Thumb Code    26  usbd_ioreq.o(i.USBD_CtlSendStatus)
    USBD_FS_ConfigStrDescriptor              0x08003d91   Thumb Code    34  usbd_desc.o(i.USBD_FS_ConfigStrDescriptor)
    USBD_FS_DeviceDescriptor                 0x08003dc9   Thumb Code    10  usbd_desc.o(i.USBD_FS_DeviceDescriptor)
    USBD_FS_InterfaceStrDescriptor           0x08003dd9   Thumb Code    34  usbd_desc.o(i.USBD_FS_InterfaceStrDescriptor)
    USBD_FS_LangIDStrDescriptor              0x08003e19   Thumb Code    10  usbd_desc.o(i.USBD_FS_LangIDStrDescriptor)
    USBD_FS_ManufacturerStrDescriptor        0x08003e29   Thumb Code    20  usbd_desc.o(i.USBD_FS_ManufacturerStrDescriptor)
    USBD_FS_ProductStrDescriptor             0x08003e55   Thumb Code    34  usbd_desc.o(i.USBD_FS_ProductStrDescriptor)
    USBD_FS_SerialStrDescriptor              0x08003e9d   Thumb Code    34  usbd_desc.o(i.USBD_FS_SerialStrDescriptor)
    USBD_GetString                           0x080040cd   Thumb Code    82  usbd_ctlreq.o(i.USBD_GetString)
    USBD_HID_SendReport                      0x080041a5   Thumb Code    48  usbd_hid.o(i.USBD_HID_SendReport)
    USBD_Init                                0x080042b5   Thumb Code    50  usbd_core.o(i.USBD_Init)
    USBD_LL_ClearStallEP                     0x080042e7   Thumb Code    20  usbd_conf.o(i.USBD_LL_ClearStallEP)
    USBD_LL_CloseEP                          0x080042fb   Thumb Code    20  usbd_conf.o(i.USBD_LL_CloseEP)
    USBD_LL_DataInStage                      0x0800430f   Thumb Code   218  usbd_core.o(i.USBD_LL_DataInStage)
    USBD_LL_DataOutStage                     0x080043e9   Thumb Code   134  usbd_core.o(i.USBD_LL_DataOutStage)
    USBD_LL_Init                             0x08004471   Thumb Code    98  usbd_conf.o(i.USBD_LL_Init)
    USBD_LL_IsStallEP                        0x080044dd   Thumb Code    48  usbd_conf.o(i.USBD_LL_IsStallEP)
    USBD_LL_OpenEP                           0x0800450d   Thumb Code    32  usbd_conf.o(i.USBD_LL_OpenEP)
    USBD_LL_PrepareReceive                   0x0800452d   Thumb Code    32  usbd_conf.o(i.USBD_LL_PrepareReceive)
    USBD_LL_Reset                            0x0800454d   Thumb Code    68  usbd_core.o(i.USBD_LL_Reset)
    USBD_LL_Resume                           0x08004591   Thumb Code    14  usbd_core.o(i.USBD_LL_Resume)
    USBD_LL_SOF                              0x0800459f   Thumb Code    34  usbd_core.o(i.USBD_LL_SOF)
    USBD_LL_SetSpeed                         0x080045c1   Thumb Code     8  usbd_core.o(i.USBD_LL_SetSpeed)
    USBD_LL_SetUSBAddress                    0x080045c9   Thumb Code    20  usbd_conf.o(i.USBD_LL_SetUSBAddress)
    USBD_LL_SetupStage                       0x080045dd   Thumb Code   110  usbd_core.o(i.USBD_LL_SetupStage)
    USBD_LL_StallEP                          0x0800464b   Thumb Code    20  usbd_conf.o(i.USBD_LL_StallEP)
    USBD_LL_Start                            0x0800465f   Thumb Code    16  usbd_conf.o(i.USBD_LL_Start)
    USBD_LL_Suspend                          0x0800466f   Thumb Code    20  usbd_core.o(i.USBD_LL_Suspend)
    USBD_LL_Transmit                         0x08004683   Thumb Code    32  usbd_conf.o(i.USBD_LL_Transmit)
    USBD_ParseSetupRequest                   0x080046a3   Thumb Code    40  usbd_ctlreq.o(i.USBD_ParseSetupRequest)
    USBD_RegisterClass                       0x080046cb   Thumb Code    16  usbd_core.o(i.USBD_RegisterClass)
    USBD_RunTestMode                         0x080046db   Thumb Code     6  usbd_core.o(i.USBD_RunTestMode)
    USBD_SetClassConfig                      0x08004735   Thumb Code    34  usbd_core.o(i.USBD_SetClassConfig)
    USBD_Start                               0x0800485d   Thumb Code    14  usbd_core.o(i.USBD_Start)
    USBD_StdDevReq                           0x0800486b   Thumb Code   114  usbd_ctlreq.o(i.USBD_StdDevReq)
    USBD_StdEPReq                            0x080048dd   Thumb Code   342  usbd_ctlreq.o(i.USBD_StdEPReq)
    USBD_StdItfReq                           0x08004a33   Thumb Code    74  usbd_ctlreq.o(i.USBD_StdItfReq)
    USBD_static_free                         0x08004a7d   Thumb Code     2  usbd_conf.o(i.USBD_static_free)
    USBD_static_malloc                       0x08004a81   Thumb Code     6  usbd_conf.o(i.USBD_static_malloc)
    USB_ActivateEndpoint                     0x08004a8d   Thumb Code   938  stm32f1xx_ll_usb.o(i.USB_ActivateEndpoint)
    USB_CoreInit                             0x08004e37   Thumb Code     8  stm32f1xx_ll_usb.o(i.USB_CoreInit)
    USB_DeactivateEndpoint                   0x08004e3f   Thumb Code   532  stm32f1xx_ll_usb.o(i.USB_DeactivateEndpoint)
    USB_DevConnect                           0x08005053   Thumb Code     6  stm32f1xx_ll_usb.o(i.USB_DevConnect)
    USB_DevDisconnect                        0x08005059   Thumb Code     6  stm32f1xx_ll_usb.o(i.USB_DevDisconnect)
    USB_DevInit                              0x0800505f   Thumb Code    24  stm32f1xx_ll_usb.o(i.USB_DevInit)
    USB_DisableGlobalInt                     0x08005077   Thumb Code    22  stm32f1xx_ll_usb.o(i.USB_DisableGlobalInt)
    USB_EP0_OutStart                         0x0800508d   Thumb Code     6  stm32f1xx_ll_usb.o(i.USB_EP0_OutStart)
    USB_EPClearStall                         0x08005093   Thumb Code   180  stm32f1xx_ll_usb.o(i.USB_EPClearStall)
    USB_EPSetStall                           0x08005147   Thumb Code   134  stm32f1xx_ll_usb.o(i.USB_EPSetStall)
    USB_EPStartXfer                          0x080051cd   Thumb Code   816  stm32f1xx_ll_usb.o(i.USB_EPStartXfer)
    USB_EnableGlobalInt                      0x080054fd   Thumb Code    22  stm32f1xx_ll_usb.o(i.USB_EnableGlobalInt)
    USB_LP_CAN1_RX0_IRQHandler               0x08005515   Thumb Code    10  stm32f1xx_it.o(i.USB_LP_CAN1_RX0_IRQHandler)
    USB_ReadInterrupts                       0x08005525   Thumb Code    10  stm32f1xx_ll_usb.o(i.USB_ReadInterrupts)
    USB_ReadPMA                              0x0800552f   Thumb Code    40  stm32f1xx_ll_usb.o(i.USB_ReadPMA)
    USB_SetCurrentMode                       0x08005557   Thumb Code     6  stm32f1xx_ll_usb.o(i.USB_SetCurrentMode)
    USB_SetDevAddress                        0x0800555d   Thumb Code    14  stm32f1xx_ll_usb.o(i.USB_SetDevAddress)
    USB_WritePMA                             0x0800556b   Thumb Code    66  stm32f1xx_ll_usb.o(i.USB_WritePMA)
    UsageFault_Handler                       0x080055ad   Thumb Code     4  stm32f1xx_it.o(i.UsageFault_Handler)
    __scatterload_copy                       0x080055b1   Thumb Code    14  handlers.o(i.__scatterload_copy)
    __scatterload_null                       0x080055bf   Thumb Code     2  handlers.o(i.__scatterload_null)
    __scatterload_zeroinit                   0x080055c1   Thumb Code    14  handlers.o(i.__scatterload_zeroinit)
    main                                     0x080055d1   Thumb Code   148  main.o(i.main)
    AHBPrescTable                            0x08005670   Data          16  system_stm32f1xx.o(.constdata)
    APBPrescTable                            0x08005680   Data           8  system_stm32f1xx.o(.constdata)
    Region$$Table$$Base                      0x08005688   Number         0  anon$$obj.o(Region$$Table)
    Region$$Table$$Limit                     0x080056a8   Number         0  anon$$obj.o(Region$$Table)
    FS_Desc                                  0x20000000   Data          28  usbd_desc.o(.data)
    USBD_FS_DeviceDesc                       0x2000001c   Data          18  usbd_desc.o(.data)
    USBD_LangIDDesc                          0x20000030   Data           4  usbd_desc.o(.data)
    HID_In_Report_len                        0x20000034   Data           1  main.o(.data)
    HID_Button_Status                        0x20000035   Data           1  main.o(.data)
    Converted_Values_len                     0x20000038   Data           4  main.o(.data)
    X_Position                               0x2000003c   Data           4  main.o(.data)
    Y_Position                               0x20000040   Data           4  main.o(.data)
    X_Zero                                   0x20000044   Data           4  main.o(.data)
    Y_Zero                                   0x20000048   Data           4  main.o(.data)
    Position_Gain                            0x2000004c   Data           4  main.o(.data)
    HID_In_Report                            0x20000058   Data           7  main.o(.data)
    SystemCoreClock                          0x20000060   Data           4  system_stm32f1xx.o(.data)
    USBD_HID                                 0x2000006c   Data          60  usbd_hid.o(.data)
    USBD_StrDesc                             0x20000148   Data         512  usbd_desc.o(.bss)
    hpcd_USB_FS                              0x2000035c   Data        1056  usbd_conf.o(.bss)
    hadc1                                    0x2000077c   Data          48  main.o(.bss)
    htim3                                    0x200007ac   Data          60  main.o(.bss)
    ADC_Converted_Values                     0x200007e8   Data          20  main.o(.bss)
    hdma_adc1                                0x200007fc   Data          56  main.o(.bss)
    hUsbDeviceFS                             0x20000834   Data         548  usb_device.o(.bss)
    __initial_sp                             0x20000e58   Data           0  startup_stm32f103xe.o(STACK)



==============================================================================

Memory Map of the image

  Image Entry point : 0x08000131

  Load Region LR_IROM1 (Base: 0x08000000, Size: 0x000057f0, Max: 0x00040000, ABSOLUTE, COMPRESSED[0x00005784])

    Execution Region ER_IROM1 (Base: 0x08000000, Size: 0x000056a8, Max: 0x00040000, ABSOLUTE)

    Base Addr    Size         Type   Attr      Idx    E Section Name        Object

    0x08000000   0x00000130   Data   RO         3608    RESET               startup_stm32f103xe.o
    0x08000130   0x00000000   Code   RO         3613  * .ARM.Collect$$$$00000000  mc_w.l(entry.o)
    0x08000130   0x00000004   Code   RO         3630    .ARM.Collect$$$$00000001  mc_w.l(entry2.o)
    0x08000134   0x00000004   Code   RO         3633    .ARM.Collect$$$$00000004  mc_w.l(entry5.o)
    0x08000138   0x00000000   Code   RO         3635    .ARM.Collect$$$$00000008  mc_w.l(entry7b.o)
    0x08000138   0x00000000   Code   RO         3637    .ARM.Collect$$$$0000000A  mc_w.l(entry8b.o)
    0x08000138   0x00000008   Code   RO         3638    .ARM.Collect$$$$0000000B  mc_w.l(entry9a.o)
    0x08000140   0x00000000   Code   RO         3640    .ARM.Collect$$$$0000000D  mc_w.l(entry10a.o)
    0x08000140   0x00000000   Code   RO         3642    .ARM.Collect$$$$0000000F  mc_w.l(entry11a.o)
    0x08000140   0x00000004   Code   RO         3631    .ARM.Collect$$$$00002712  mc_w.l(entry2.o)
    0x08000144   0x00000024   Code   RO         3609    .text               startup_stm32f103xe.o
    0x08000168   0x00000020   Code   RO         3616    .text               mc_w.l(llushr.o)
    0x08000188   0x00000024   Code   RO         3618    .text               mc_w.l(memcpya.o)
    0x080001ac   0x000000e4   Code   RO         3622    .text               mf_w.l(dmul.o)
    0x08000290   0x0000002e   Code   RO         3624    .text               mf_w.l(dscalb.o)
    0x080002be   0x00000022   Code   RO         3626    .text               mf_w.l(dflti.o)
    0x080002e0   0x0000003e   Code   RO         3628    .text               mf_w.l(dfixi.o)
    0x0800031e   0x00000000   Code   RO         3644    .text               mc_w.l(iusefp.o)
    0x0800031e   0x000000be   Code   RO         3645    .text               mf_w.l(depilogue.o)
    0x080003dc   0x00000024   Code   RO         3647    .text               mc_w.l(init.o)
    0x08000400   0x0000001e   Code   RO         3649    .text               mc_w.l(llshl.o)
    0x0800041e   0x0000005c   Code   RO         3659    .text               mc_w.l(__dczerorl2.o)
    0x0800047a   0x00000050   Code   RO         2861    i.ADC_ConversionStop_Disable  stm32f1xx_hal_adc.o
    0x080004ca   0x00000052   Code   RO         2862    i.ADC_DMAConvCplt   stm32f1xx_hal_adc.o
    0x0800051c   0x0000001e   Code   RO         2863    i.ADC_DMAError      stm32f1xx_hal_adc.o
    0x0800053a   0x0000000e   Code   RO         2864    i.ADC_DMAHalfConvCplt  stm32f1xx_hal_adc.o
    0x08000548   0x00000080   Code   RO         2865    i.ADC_Enable        stm32f1xx_hal_adc.o
    0x080005c8   0x00000004   Code   RO          595    i.BusFault_Handler  stm32f1xx_it.o
    0x080005cc   0x00000010   Code   RO          596    i.DMA1_Channel1_IRQHandler  stm32f1xx_it.o
    0x080005dc   0x00000020   Code   RO         2021    i.DMA_SetConfig     stm32f1xx_hal_dma.o
    0x080005fc   0x00000002   Code   RO          597    i.DebugMon_Handler  stm32f1xx_it.o
    0x080005fe   0x00000002   Code   RO          598    i.EXTI2_IRQHandler  stm32f1xx_it.o
    0x08000600   0x00000094   Code   RO          405    i.EffectExecuter    main.o
    0x08000694   0x00000002   Code   RO          406    i.Error_Handler     main.o
    0x08000696   0x00000002   PAD
    0x08000698   0x00000054   Code   RO          407    i.GenerateReport    main.o
    0x080006ec   0x000001c4   Code   RO         2867    i.HAL_ADC_ConfigChannel  stm32f1xx_hal_adc.o
    0x080008b0   0x00000020   Code   RO          408    i.HAL_ADC_ConvCpltCallback  main.o
    0x080008d0   0x00000002   Code   RO         2869    i.HAL_ADC_ConvHalfCpltCallback  stm32f1xx_hal_adc.o
    0x080008d2   0x00000002   Code   RO         2871    i.HAL_ADC_ErrorCallback  stm32f1xx_hal_adc.o
    0x080008d4   0x00000180   Code   RO         2876    i.HAL_ADC_Init      stm32f1xx_hal_adc.o
    0x08000a54   0x00000088   Code   RO          541    i.HAL_ADC_MspInit   stm32f1xx_hal_msp.o
    0x08000adc   0x00000180   Code   RO         2883    i.HAL_ADC_Start_DMA  stm32f1xx_hal_adc.o
    0x08000c5c   0x00000060   Code   RO         2886    i.HAL_ADC_Stop_DMA  stm32f1xx_hal_adc.o
    0x08000cbc   0x00000060   Code   RO         2022    i.HAL_DMA_Abort     stm32f1xx_hal_dma.o
    0x08000d1c   0x00000908   Code   RO         2026    i.HAL_DMA_IRQHandler  stm32f1xx_hal_dma.o
    0x08001624   0x00000054   Code   RO         2027    i.HAL_DMA_Init      stm32f1xx_hal_dma.o
    0x08001678   0x00000076   Code   RO         2030    i.HAL_DMA_Start_IT  stm32f1xx_hal_dma.o
    0x080016ee   0x0000001a   Code   RO          991    i.HAL_Delay         stm32f1xx_hal.o
    0x08001708   0x00000340   Code   RO         1826    i.HAL_GPIO_Init     stm32f1xx_hal_gpio.o
    0x08001a48   0x0000000c   Code   RO          995    i.HAL_GetTick       stm32f1xx_hal.o
    0x08001a54   0x00000010   Code   RO          996    i.HAL_IncTick       stm32f1xx_hal.o
    0x08001a64   0x00000028   Code   RO          997    i.HAL_Init          stm32f1xx_hal.o
    0x08001a8c   0x00000024   Code   RO          998    i.HAL_InitTick      stm32f1xx_hal.o
    0x08001ab0   0x0000008c   Code   RO          542    i.HAL_MspInit       stm32f1xx_hal_msp.o
    0x08001b3c   0x0000001c   Code   RO         2100    i.HAL_NVIC_EnableIRQ  stm32f1xx_hal_cortex.o
    0x08001b58   0x0000007c   Code   RO         2106    i.HAL_NVIC_SetPriority  stm32f1xx_hal_cortex.o
    0x08001bd4   0x00000028   Code   RO         2107    i.HAL_NVIC_SetPriorityGrouping  stm32f1xx_hal_cortex.o
    0x08001bfc   0x0000003e   Code   RO         1889    i.HAL_PCDEx_PMAConfig  stm32f1xx_hal_pcd_ex.o
    0x08001c3a   0x00000002   Code   RO          191    i.HAL_PCDEx_SetConnectionState  usbd_conf.o
    0x08001c3c   0x0000001e   Code   RO          193    i.HAL_PCD_DataInStageCallback  usbd_conf.o
    0x08001c5a   0x0000001e   Code   RO          194    i.HAL_PCD_DataOutStageCallback  usbd_conf.o
    0x08001c78   0x00000064   Code   RO         1617    i.HAL_PCD_EP_Close  stm32f1xx_hal_pcd.o
    0x08001cdc   0x00000062   Code   RO         1618    i.HAL_PCD_EP_ClrStall  stm32f1xx_hal_pcd.o
    0x08001d3e   0x00000076   Code   RO         1621    i.HAL_PCD_EP_Open   stm32f1xx_hal_pcd.o
    0x08001db4   0x0000006a   Code   RO         1622    i.HAL_PCD_EP_Receive  stm32f1xx_hal_pcd.o
    0x08001e1e   0x00000072   Code   RO         1623    i.HAL_PCD_EP_SetStall  stm32f1xx_hal_pcd.o
    0x08001e90   0x0000006c   Code   RO         1624    i.HAL_PCD_EP_Transmit  stm32f1xx_hal_pcd.o
    0x08001efc   0x00000164   Code   RO         1626    i.HAL_PCD_IRQHandler  stm32f1xx_hal_pcd.o
    0x08002060   0x0000011a   Code   RO         1629    i.HAL_PCD_Init      stm32f1xx_hal_pcd.o
    0x0800217a   0x00000002   PAD
    0x0800217c   0x00000044   Code   RO          199    i.HAL_PCD_MspInit   usbd_conf.o
    0x080021c0   0x0000002e   Code   RO          200    i.HAL_PCD_ResetCallback  usbd_conf.o
    0x080021ee   0x00000010   Code   RO          201    i.HAL_PCD_ResumeCallback  usbd_conf.o
    0x080021fe   0x00000010   Code   RO          202    i.HAL_PCD_SOFCallback  usbd_conf.o
    0x0800220e   0x00000036   Code   RO         1635    i.HAL_PCD_SetAddress  stm32f1xx_hal_pcd.o
    0x08002244   0x00000014   Code   RO          203    i.HAL_PCD_SetupStageCallback  usbd_conf.o
    0x08002258   0x0000003c   Code   RO         1637    i.HAL_PCD_Start     stm32f1xx_hal_pcd.o
    0x08002294   0x00000024   Code   RO          204    i.HAL_PCD_SuspendCallback  usbd_conf.o
    0x080022b8   0x0000016c   Code   RO         1574    i.HAL_RCCEx_PeriphCLKConfig  stm32f1xx_hal_rcc_ex.o
    0x08002424   0x00000290   Code   RO         1920    i.HAL_RCC_ClockConfig  stm32f1xx_hal_rcc.o
    0x080026b4   0x0000000c   Code   RO         1925    i.HAL_RCC_GetHCLKFreq  stm32f1xx_hal_rcc.o
    0x080026c0   0x000000b4   Code   RO         1929    i.HAL_RCC_GetSysClockFreq  stm32f1xx_hal_rcc.o
    0x08002774   0x00000854   Code   RO         1932    i.HAL_RCC_OscConfig  stm32f1xx_hal_rcc.o
    0x08002fc8   0x00000028   Code   RO         2109    i.HAL_SYSTICK_CLKSourceConfig  stm32f1xx_hal_cortex.o
    0x08002ff0   0x00000002   Code   RO         2110    i.HAL_SYSTICK_Callback  stm32f1xx_hal_cortex.o
    0x08002ff2   0x00000034   Code   RO         2111    i.HAL_SYSTICK_Config  stm32f1xx_hal_cortex.o
    0x08003026   0x00000008   Code   RO         2112    i.HAL_SYSTICK_IRQHandler  stm32f1xx_hal_cortex.o
    0x0800302e   0x00000062   Code   RO         1260    i.HAL_TIMEx_MasterConfigSynchronization  stm32f1xx_hal_tim_ex.o
    0x08003090   0x00000040   Code   RO          543    i.HAL_TIM_MspPostInit  stm32f1xx_hal_msp.o
    0x080030d0   0x00000108   Code   RO         2288    i.HAL_TIM_PWM_ConfigChannel  stm32f1xx_hal_tim.o
    0x080031d8   0x00000034   Code   RO         2291    i.HAL_TIM_PWM_Init  stm32f1xx_hal_tim.o
    0x0800320c   0x00000030   Code   RO          545    i.HAL_TIM_PWM_MspInit  stm32f1xx_hal_msp.o
    0x0800323c   0x0000004c   Code   RO         2295    i.HAL_TIM_PWM_Start  stm32f1xx_hal_tim.o
    0x08003288   0x00000088   Code   RO         2298    i.HAL_TIM_PWM_Stop  stm32f1xx_hal_tim.o
    0x08003310   0x00000004   Code   RO          599    i.HardFault_Handler  stm32f1xx_it.o
    0x08003314   0x0000008c   Code   RO          410    i.MX_ADC1_Init      main.o
    0x080033a0   0x0000009c   Code   RO          411    i.MX_TIM3_Init      main.o
    0x0800343c   0x00000028   Code   RO          506    i.MX_USB_DEVICE_Init  usb_device.o
    0x08003464   0x00000004   Code   RO          600    i.MemManage_Handler  stm32f1xx_it.o
    0x08003468   0x00000002   Code   RO          601    i.NMI_Handler       stm32f1xx_it.o
    0x0800346a   0x00000002   PAD
    0x0800346c   0x00000010   Code   RO         2113    i.NVIC_GetPriorityGrouping  stm32f1xx_hal_cortex.o
    0x0800347c   0x00000028   Code   RO         2114    i.NVIC_SetPriority  stm32f1xx_hal_cortex.o
    0x080034a4   0x0000043c   Code   RO         1640    i.PCD_EP_ISR_Handler  stm32f1xx_hal_pcd.o
    0x080038e0   0x00000002   Code   RO          602    i.PendSV_Handler    stm32f1xx_it.o
    0x080038e2   0x00000002   Code   RO          603    i.SVC_Handler       stm32f1xx_it.o
    0x080038e4   0x00000058   Code   RO          413    i.Set_Acutator_PWM  main.o
    0x0800393c   0x0000000c   Code   RO          604    i.SysTick_Handler   stm32f1xx_it.o
    0x08003948   0x0000007c   Code   RO          414    i.SystemClock_Config  main.o
    0x080039c4   0x00000058   Code   RO          720    i.SystemInit        system_stm32f1xx.o
    0x08003a1c   0x00000090   Code   RO         2306    i.TIM_Base_SetConfig  stm32f1xx_hal_tim.o
    0x08003aac   0x0000001c   Code   RO         2307    i.TIM_CCxChannelCmd  stm32f1xx_hal_tim.o
    0x08003ac8   0x00000078   Code   RO         2315    i.TIM_OC1_SetConfig  stm32f1xx_hal_tim.o
    0x08003b40   0x00000080   Code   RO         2316    i.TIM_OC2_SetConfig  stm32f1xx_hal_tim.o
    0x08003bc0   0x00000080   Code   RO         2317    i.TIM_OC3_SetConfig  stm32f1xx_hal_tim.o
    0x08003c40   0x00000058   Code   RO         2318    i.TIM_OC4_SetConfig  stm32f1xx_hal_tim.o
    0x08003c98   0x00000016   Code   RO         3345    i.USBD_ClrClassConfig  usbd_core.o
    0x08003cae   0x00000044   Code   RO         3250    i.USBD_ClrFeature   usbd_ctlreq.o
    0x08003cf2   0x00000018   Code   RO         3483    i.USBD_CtlContinueRx  usbd_ioreq.o
    0x08003d0a   0x00000018   Code   RO         3484    i.USBD_CtlContinueSendData  usbd_ioreq.o
    0x08003d22   0x00000018   Code   RO         3251    i.USBD_CtlError     usbd_ctlreq.o
    0x08003d3a   0x0000001a   Code   RO         3486    i.USBD_CtlReceiveStatus  usbd_ioreq.o
    0x08003d54   0x00000022   Code   RO         3487    i.USBD_CtlSendData  usbd_ioreq.o
    0x08003d76   0x0000001a   Code   RO         3488    i.USBD_CtlSendStatus  usbd_ioreq.o
    0x08003d90   0x00000038   Code   RO            4    i.USBD_FS_ConfigStrDescriptor  usbd_desc.o
    0x08003dc8   0x00000010   Code   RO            5    i.USBD_FS_DeviceDescriptor  usbd_desc.o
    0x08003dd8   0x00000040   Code   RO            6    i.USBD_FS_InterfaceStrDescriptor  usbd_desc.o
    0x08003e18   0x00000010   Code   RO            7    i.USBD_FS_LangIDStrDescriptor  usbd_desc.o
    0x08003e28   0x0000002c   Code   RO            8    i.USBD_FS_ManufacturerStrDescriptor  usbd_desc.o
    0x08003e54   0x00000048   Code   RO            9    i.USBD_FS_ProductStrDescriptor  usbd_desc.o
    0x08003e9c   0x00000038   Code   RO           10    i.USBD_FS_SerialStrDescriptor  usbd_desc.o
    0x08003ed4   0x00000050   Code   RO         3252    i.USBD_GetConfig    usbd_ctlreq.o
    0x08003f24   0x00000150   Code   RO         3253    i.USBD_GetDescriptor  usbd_ctlreq.o
    0x08004074   0x00000014   Code   RO         3254    i.USBD_GetLen       usbd_ctlreq.o
    0x08004088   0x00000044   Code   RO         3255    i.USBD_GetStatus    usbd_ctlreq.o
    0x080040cc   0x00000052   Code   RO         3256    i.USBD_GetString    usbd_ctlreq.o
    0x0800411e   0x0000000c   Code   RO         3543    i.USBD_HID_DataIn   usbd_hid.o
    0x0800412a   0x00000026   Code   RO         3544    i.USBD_HID_DeInit   usbd_hid.o
    0x08004150   0x00000010   Code   RO         3545    i.USBD_HID_GetCfgDesc  usbd_hid.o
    0x08004160   0x00000010   Code   RO         3546    i.USBD_HID_GetDeviceQualifierDesc  usbd_hid.o
    0x08004170   0x00000034   Code   RO         3548    i.USBD_HID_Init     usbd_hid.o
    0x080041a4   0x00000030   Code   RO         3549    i.USBD_HID_SendReport  usbd_hid.o
    0x080041d4   0x000000e0   Code   RO         3550    i.USBD_HID_Setup    usbd_hid.o
    0x080042b4   0x00000032   Code   RO         3347    i.USBD_Init         usbd_core.o
    0x080042e6   0x00000014   Code   RO          205    i.USBD_LL_ClearStallEP  usbd_conf.o
    0x080042fa   0x00000014   Code   RO          206    i.USBD_LL_CloseEP   usbd_conf.o
    0x0800430e   0x000000da   Code   RO         3348    i.USBD_LL_DataInStage  usbd_core.o
    0x080043e8   0x00000086   Code   RO         3349    i.USBD_LL_DataOutStage  usbd_core.o
    0x0800446e   0x00000002   PAD
    0x08004470   0x0000006c   Code   RO          211    i.USBD_LL_Init      usbd_conf.o
    0x080044dc   0x00000030   Code   RO          212    i.USBD_LL_IsStallEP  usbd_conf.o
    0x0800450c   0x00000020   Code   RO          213    i.USBD_LL_OpenEP    usbd_conf.o
    0x0800452c   0x00000020   Code   RO          214    i.USBD_LL_PrepareReceive  usbd_conf.o
    0x0800454c   0x00000044   Code   RO         3354    i.USBD_LL_Reset     usbd_core.o
    0x08004590   0x0000000e   Code   RO         3355    i.USBD_LL_Resume    usbd_core.o
    0x0800459e   0x00000022   Code   RO         3356    i.USBD_LL_SOF       usbd_core.o
    0x080045c0   0x00000008   Code   RO         3357    i.USBD_LL_SetSpeed  usbd_core.o
    0x080045c8   0x00000014   Code   RO          215    i.USBD_LL_SetUSBAddress  usbd_conf.o
    0x080045dc   0x0000006e   Code   RO         3358    i.USBD_LL_SetupStage  usbd_core.o
    0x0800464a   0x00000014   Code   RO          216    i.USBD_LL_StallEP   usbd_conf.o
    0x0800465e   0x00000010   Code   RO          217    i.USBD_LL_Start     usbd_conf.o
    0x0800466e   0x00000014   Code   RO         3359    i.USBD_LL_Suspend   usbd_core.o
    0x08004682   0x00000020   Code   RO          219    i.USBD_LL_Transmit  usbd_conf.o
    0x080046a2   0x00000028   Code   RO         3257    i.USBD_ParseSetupRequest  usbd_ctlreq.o
    0x080046ca   0x00000010   Code   RO         3360    i.USBD_RegisterClass  usbd_core.o
    0x080046da   0x00000006   Code   RO         3361    i.USBD_RunTestMode  usbd_core.o
    0x080046e0   0x00000054   Code   RO         3258    i.USBD_SetAddress   usbd_ctlreq.o
    0x08004734   0x00000022   Code   RO         3362    i.USBD_SetClassConfig  usbd_core.o
    0x08004756   0x00000002   PAD
    0x08004758   0x000000e0   Code   RO         3259    i.USBD_SetConfig    usbd_ctlreq.o
    0x08004838   0x00000024   Code   RO         3260    i.USBD_SetFeature   usbd_ctlreq.o
    0x0800485c   0x0000000e   Code   RO         3363    i.USBD_Start        usbd_core.o
    0x0800486a   0x00000072   Code   RO         3261    i.USBD_StdDevReq    usbd_ctlreq.o
    0x080048dc   0x00000156   Code   RO         3262    i.USBD_StdEPReq     usbd_ctlreq.o
    0x08004a32   0x0000004a   Code   RO         3263    i.USBD_StdItfReq    usbd_ctlreq.o
    0x08004a7c   0x00000002   Code   RO          220    i.USBD_static_free  usbd_conf.o
    0x08004a7e   0x00000002   PAD
    0x08004a80   0x0000000c   Code   RO          221    i.USBD_static_malloc  usbd_conf.o
    0x08004a8c   0x000003aa   Code   RO          756    i.USB_ActivateEndpoint  stm32f1xx_ll_usb.o
    0x08004e36   0x00000008   Code   RO          759    i.USB_CoreInit      stm32f1xx_ll_usb.o
    0x08004e3e   0x00000214   Code   RO          761    i.USB_DeactivateEndpoint  stm32f1xx_ll_usb.o
    0x08005052   0x00000006   Code   RO          762    i.USB_DevConnect    stm32f1xx_ll_usb.o
    0x08005058   0x00000006   Code   RO          763    i.USB_DevDisconnect  stm32f1xx_ll_usb.o
    0x0800505e   0x00000018   Code   RO          764    i.USB_DevInit       stm32f1xx_ll_usb.o
    0x08005076   0x00000016   Code   RO          765    i.USB_DisableGlobalInt  stm32f1xx_ll_usb.o
    0x0800508c   0x00000006   Code   RO          766    i.USB_EP0_OutStart  stm32f1xx_ll_usb.o
    0x08005092   0x000000b4   Code   RO          767    i.USB_EPClearStall  stm32f1xx_ll_usb.o
    0x08005146   0x00000086   Code   RO          768    i.USB_EPSetStall    stm32f1xx_ll_usb.o
    0x080051cc   0x00000330   Code   RO          769    i.USB_EPStartXfer   stm32f1xx_ll_usb.o
    0x080054fc   0x00000016   Code   RO          770    i.USB_EnableGlobalInt  stm32f1xx_ll_usb.o
    0x08005512   0x00000002   PAD
    0x08005514   0x00000010   Code   RO          605    i.USB_LP_CAN1_RX0_IRQHandler  stm32f1xx_it.o
    0x08005524   0x0000000a   Code   RO          777    i.USB_ReadInterrupts  stm32f1xx_ll_usb.o
    0x0800552e   0x00000028   Code   RO          778    i.USB_ReadPMA       stm32f1xx_ll_usb.o
    0x08005556   0x00000006   Code   RO          780    i.USB_SetCurrentMode  stm32f1xx_ll_usb.o
    0x0800555c   0x0000000e   Code   RO          781    i.USB_SetDevAddress  stm32f1xx_ll_usb.o
    0x0800556a   0x00000042   Code   RO          783    i.USB_WritePMA      stm32f1xx_ll_usb.o
    0x080055ac   0x00000004   Code   RO          606    i.UsageFault_Handler  stm32f1xx_it.o
    0x080055b0   0x0000000e   Code   RO         3653    i.__scatterload_copy  mc_w.l(handlers.o)
    0x080055be   0x00000002   Code   RO         3654    i.__scatterload_null  mc_w.l(handlers.o)
    0x080055c0   0x0000000e   Code   RO         3655    i.__scatterload_zeroinit  mc_w.l(handlers.o)
    0x080055ce   0x00000002   PAD
    0x080055d0   0x000000a0   Code   RO          416    i.main              main.o
    0x08005670   0x00000018   Data   RO          721    .constdata          system_stm32f1xx.o
    0x08005688   0x00000020   Data   RO         3651    Region$$Table       anon$$obj.o


    Execution Region RW_IRAM1 (Base: 0x20000000, Size: 0x00000e58, Max: 0x0000c000, ABSOLUTE, COMPRESSED[0x000000dc])

    Base Addr    Size         Type   Attr      Idx    E Section Name        Object

    0x20000000   0x00000034   Data   RW           12    .data               usbd_desc.o
    0x20000034   0x0000002b   Data   RW          419    .data               main.o
    0x2000005f   0x00000001   PAD
    0x20000060   0x00000004   Data   RW          722    .data               system_stm32f1xx.o
    0x20000064   0x00000004   Data   RW         1003    .data               stm32f1xx_hal.o
    0x20000068   0x00000001   Data   RW         3264    .data               usbd_ctlreq.o
    0x20000069   0x00000003   PAD
    0x2000006c   0x000000dc   Data   RW         3551    .data               usbd_hid.o
    0x20000148   0x00000200   Zero   RW           11    .bss                usbd_desc.o
    0x20000348   0x00000434   Zero   RW          222    .bss                usbd_conf.o
    0x2000077c   0x00000080   Zero   RW          417    .bss                main.o
    0x200007fc   0x00000038   Zero   RW          418    .bss                main.o
    0x20000834   0x00000224   Zero   RW          507    .bss                usb_device.o
    0x20000a58   0x00000400   Zero   RW         3606    STACK               startup_stm32f103xe.o


==============================================================================

Image component sizes


      Code (inc. data)   RO Data    RW Data    ZI Data      Debug   Object Name

       934         68          0         43        184       5914   main.o
        36          8        304          0       1024        708   startup_stm32f103xe.o
       130         16          0          4          0       3202   stm32f1xx_hal.o
      1654         56          0          0          0       7738   stm32f1xx_hal_adc.o
       350         22          0          0          0      27217   stm32f1xx_hal_cortex.o
      2642         26          0          0          0       4707   stm32f1xx_hal_dma.o
       832         42          0          0          0       2104   stm32f1xx_hal_gpio.o
       388         52          0          0          0       2392   stm32f1xx_hal_msp.o
      2480          0          0          0          0       8581   stm32f1xx_hal_pcd.o
        62          0          0          0          0       1038   stm32f1xx_hal_pcd_ex.o
      2980         90          0          0          0       4354   stm32f1xx_hal_rcc.o
       364         14          0          0          0       1204   stm32f1xx_hal_rcc_ex.o
      1164         74          0          0          0       6815   stm32f1xx_hal_tim.o
        98          0          0          0          0       1028   stm32f1xx_hal_tim_ex.o
        70         12          0          0          0       4509   stm32f1xx_it.o
      2830          0          0          0          0      12259   stm32f1xx_ll_usb.o
        88         18         24          4          0       1223   system_stm32f1xx.o
        40         12          0          0        548        576   usb_device.o
       626         30          0          0       1076      15269   usbd_conf.o
       748          0          0          0          0       8671   usbd_core.o
      1592         30          0          1          0       9340   usbd_ctlreq.o
       324        148          0         52        512     521919   usbd_desc.o
       406         20          0        220          0       6033   usbd_hid.o
       134          0          0          0          0       3352   usbd_ioreq.o

    ----------------------------------------------------------------------
     20986        738        360        328       3344     660153   Object Totals
         0          0         32          0          0          0   (incl. Generated)
        14          0          0          4          0          0   (incl. Padding)

    ----------------------------------------------------------------------

      Code (inc. data)   RO Data    RW Data    ZI Data      Debug   Library Member Name

        92          0          0          0          0          0   __dczerorl2.o
         0          0          0          0          0          0   entry.o
         0          0          0          0          0          0   entry10a.o
         0          0          0          0          0          0   entry11a.o
         8          4          0          0          0          0   entry2.o
         4          0          0          0          0          0   entry5.o
         0          0          0          0          0          0   entry7b.o
         0          0          0          0          0          0   entry8b.o
         8          4          0          0          0          0   entry9a.o
        30          0          0          0          0          0   handlers.o
        36          8          0          0          0         68   init.o
         0          0          0          0          0          0   iusefp.o
        30          0          0          0          0         68   llshl.o
        32          0          0          0          0         68   llushr.o
        36          0          0          0          0         68   memcpya.o
       190          0          0          0          0        176   depilogue.o
        62          0          0          0          0         80   dfixi.o
        34          0          0          0          0         76   dflti.o
       228          0          0          0          0         96   dmul.o
        46          0          0          0          0         80   dscalb.o

    ----------------------------------------------------------------------
       838         16          0          0          0        780   Library Totals
         2          0          0          0          0          0   (incl. Padding)

    ----------------------------------------------------------------------

      Code (inc. data)   RO Data    RW Data    ZI Data      Debug   Library Name

       276         16          0          0          0        272   mc_w.l
       560          0          0          0          0        508   mf_w.l

    ----------------------------------------------------------------------
       838         16          0          0          0        780   Library Totals

    ----------------------------------------------------------------------

==============================================================================


      Code (inc. data)   RO Data    RW Data    ZI Data      Debug   

     21824        754        360        328       3344     651885   Grand Totals
     21824        754        360        220       3344     651885   ELF Image Totals (compressed)
     21824        754        360        220          0          0   ROM Totals

==============================================================================

    Total RO  Size (Code + RO Data)                22184 (  21.66kB)
    Total RW  Size (RW Data + ZI Data)              3672 (   3.59kB)
    Total ROM Size (Code + RO Data + RW Data)      22404 (  21.88kB)

==============================================================================

