<html>
<body>
<pre>
<h1>µVision Build Log</h1>
<h2>Project:</h2>
F:\git projects\FFBMK1\FFBMK1_stm32\MDK-ARM\FFBMK1.1.uvproj
Project File Date:  04/04/2017

<h2>Output:</h2>
Build target 'FFBMK1.1'
compiling ffb_manager.c...
../Inc/device_bridge.h(18): warning:  #1-D: last line of file ends without a newline
compiling device_bridge.c...
../Inc/device_bridge.h(18): warning:  #1-D: last line of file ends without a newline
..\Src\device_bridge.c(12): warning:  #1-D: last line of file ends without a newline
linking...
Program Size: Code=22166 RO-data=650 RW-data=964 ZI-data=4076  
"FFBMK1.1\FFBMK1.1" - 0 Errors, 3 Warning(s).
Build target 'FFBMK1.1'
compiling ffb_manager.c...
compiling device_bridge.c...
linking...
Program Size: Code=22166 RO-data=650 RW-data=964 ZI-data=4076  
"FFBMK1.1\FFBMK1.1" - 0 Errors, 0 Warning(s).
Build target 'FFBMK1.1'
compiling usbd_conf.c...
compiling main.c...
compiling usb_device.c...
compiling usbd_pid.c...
compiling ffb_manager.c...
..\Src\ffb_manager.c(480): warning:  #111-D: statement is unreachable
compiling device_bridge.c...
compiling usbd_hid.c...
linking...
Program Size: Code=22086 RO-data=650 RW-data=972 ZI-data=4076  
"FFBMK1.1\FFBMK1.1" - 0 Errors, 1 Warning(s).
Build target 'FFBMK1.1'
linking...
Program Size: Code=22086 RO-data=650 RW-data=972 ZI-data=4076  
"FFBMK1.1\FFBMK1.1" - 0 Errors, 0 Warning(s).
Load "FFBMK1.1\\FFBMK1.1" 
Load "FFBMK1.1\\FFBMK1.1" 
Erase Done.
Programming Done.
Verify OK.
Build target 'FFBMK1.1'
compiling ffb_manager.c...
..\Src\ffb_manager.c(227): warning:  #111-D: statement is unreachable
..\Src\ffb_manager.c(481): warning:  #111-D: statement is unreachable
compiling device_bridge.c...
linking...
Program Size: Code=21966 RO-data=650 RW-data=972 ZI-data=4076  
"FFBMK1.1\FFBMK1.1" - 0 Errors, 2 Warning(s).
Load "FFBMK1.1\\FFBMK1.1" 
Erase Done.
Programming Done.
Verify OK.
Build target 'FFBMK1.1'
compiling ffb_manager.c...
..\Src\ffb_manager.c(481): warning:  #111-D: statement is unreachable
compiling ffb_stick.c...
linking...
Program Size: Code=21966 RO-data=650 RW-data=972 ZI-data=4076  
"FFBMK1.1\FFBMK1.1" - 0 Errors, 1 Warning(s).
Build target 'FFBMK1.1'
compiling device_bridge.c...
linking...
Program Size: Code=21966 RO-data=650 RW-data=972 ZI-data=4076  
"FFBMK1.1\FFBMK1.1" - 0 Errors, 0 Warning(s).
Load "FFBMK1.1\\FFBMK1.1" 
Erase Done.
Programming Done.
Verify OK.
Build target 'FFBMK1.1'
compiling device_bridge.c...
linking...
Program Size: Code=21970 RO-data=654 RW-data=972 ZI-data=4076  
"FFBMK1.1\FFBMK1.1" - 0 Errors, 0 Warning(s).
Load "FFBMK1.1\\FFBMK1.1" 
Load "FFBMK1.1\\FFBMK1.1" 
Load "FFBMK1.1\\FFBMK1.1" 
Erase Done.
Programming Done.
Verify OK.
Build target 'FFBMK1.1'
compiling device_bridge.c...
linking...
Program Size: Code=21970 RO-data=654 RW-data=968 ZI-data=4072  
"FFBMK1.1\FFBMK1.1" - 0 Errors, 0 Warning(s).
Load "FFBMK1.1\\FFBMK1.1" 
Erase Done.
Programming Done.
Verify OK.
Build target 'FFBMK1.1'
compiling device_bridge.c...
linking...
Program Size: Code=21994 RO-data=654 RW-data=972 ZI-data=4076  
"FFBMK1.1\FFBMK1.1" - 0 Errors, 0 Warning(s).
Load "FFBMK1.1\\FFBMK1.1" 
Erase Done.
Programming Done.
Verify OK.
Build target 'FFBMK1.1'
compiling ffb_manager.c...
..\Src\ffb_manager.c(481): warning:  #111-D: statement is unreachable
compiling device_bridge.c...
linking...
Program Size: Code=22062 RO-data=650 RW-data=972 ZI-data=4076  
"FFBMK1.1\FFBMK1.1" - 0 Errors, 1 Warning(s).
Load "FFBMK1.1\\FFBMK1.1" 
Erase Done.
Programming Done.
Verify OK.
Build target 'FFBMK1.1'
compiling ffb_manager.c...
..\Src\ffb_manager.c(481): warning:  #111-D: statement is unreachable
linking...
Program Size: Code=22062 RO-data=650 RW-data=972 ZI-data=4076  
"FFBMK1.1\FFBMK1.1" - 0 Errors, 1 Warning(s).
Load "FFBMK1.1\\FFBMK1.1" 
Erase Done.
Programming Done.
Verify OK.
Build target 'FFBMK1.1'
compiling device_bridge.c...
linking...
Program Size: Code=22042 RO-data=654 RW-data=968 ZI-data=4072  
"FFBMK1.1\FFBMK1.1" - 0 Errors, 0 Warning(s).
Load "FFBMK1.1\\FFBMK1.1" 
Erase Done.
Programming Done.
Verify OK.
Build target 'FFBMK1.1'
compiling ffb_manager.c...
..\Src\ffb_manager.c(219): warning:  #111-D: statement is unreachable
..\Src\ffb_manager.c(482): warning:  #111-D: statement is unreachable
linking...
Program Size: Code=21754 RO-data=654 RW-data=968 ZI-data=4072  
"FFBMK1.1\FFBMK1.1" - 0 Errors, 2 Warning(s).
Load "FFBMK1.1\\FFBMK1.1" 
Erase Done.
Programming Done.
Verify OK.
Build target 'FFBMK1.1'
compiling device_bridge.c...
linking...
Program Size: Code=21738 RO-data=654 RW-data=968 ZI-data=4072  
"FFBMK1.1\FFBMK1.1" - 0 Errors, 0 Warning(s).
Build target 'FFBMK1.1'
compiling ffb_manager.c...
..\Src\ffb_manager.c(218): warning:  #111-D: statement is unreachable
..\Src\ffb_manager.c(481): warning:  #111-D: statement is unreachable
compiling device_bridge.c...
linking...
Program Size: Code=21710 RO-data=650 RW-data=968 ZI-data=4072  
"FFBMK1.1\FFBMK1.1" - 0 Errors, 2 Warning(s).
Load "FFBMK1.1\\FFBMK1.1" 
Erase Done.
Programming Done.
Verify OK.
Build target 'FFBMK1.1'
compiling ffb_manager.c...
..\Src\ffb_manager.c(218): warning:  #111-D: statement is unreachable
linking...
Program Size: Code=21862 RO-data=650 RW-data=968 ZI-data=4072  
"FFBMK1.1\FFBMK1.1" - 0 Errors, 1 Warning(s).
Build target 'FFBMK1.1'
compiling ffb_manager.c...
..\Src\ffb_manager.c(218): warning:  #111-D: statement is unreachable
..\Src\ffb_manager.c(426): warning:  #128-D: loop is not reachable
linking...
Program Size: Code=16226 RO-data=362 RW-data=964 ZI-data=4076  
"FFBMK1.1\FFBMK1.1" - 0 Errors, 2 Warning(s).
Load "FFBMK1.1\\FFBMK1.1" 
Erase Done.
Programming Done.
Verify OK.
